{
    "message": {
        "text": "IfStatement()",
        "arguments": [
        ]
    },
    "status": "",
    "childrenList": [
        {
            "message": {
                "text": "Global State",
                "arguments": [
                ]
            },
            "status": "",
            "childrenList": [
            ],
            "jumpToDefinition": null,
            "storageId": null
        },
        {
            "message": {
                "text": "rule parameters setup",
                "arguments": [
                ]
            },
            "status": "",
            "childrenList": [
            ],
            "jumpToDefinition": null
        },
        {
            "message": {
                "text": "Setup",
                "arguments": [
                ]
            },
            "status": "",
            "childrenList": [
                {
                    "message": {
                        "text": "multi contract setup",
                        "arguments": [
                        ]
                    },
                    "status": "",
                    "childrenList": [
                    ],
                    "jumpToDefinition": null
                },
                {
                    "message": {
                        "text": "contract address vars initialized",
                        "arguments": [
                        ]
                    },
                    "status": "",
                    "childrenList": [
                    ],
                    "jumpToDefinition": null
                },
                {
                    "message": {
                        "text": "setup read tracking instrumentation",
                        "arguments": [
                        ]
                    },
                    "status": "",
                    "childrenList": [
                    ],
                    "jumpToDefinition": null
                },
                {
                    "message": {
                        "text": "last storage initialize",
                        "arguments": [
                        ]
                    },
                    "status": "",
                    "childrenList": [
                    ],
                    "jumpToDefinition": null
                },
                {
                    "message": {
                        "text": "assuming contracts in scene with non-empty bytecode have EXTCODESIZE larger than zero",
                        "arguments": [
                        ]
                    },
                    "status": "",
                    "childrenList": [
                    ],
                    "jumpToDefinition": null
                },
                {
                    "message": {
                        "text": "assuming address(0).code has no code deployed",
                        "arguments": [
                        ]
                    },
                    "status": "",
                    "childrenList": [
                    ],
                    "jumpToDefinition": null
                },
                {
                    "message": {
                        "text": "assumptions about contracts' addresses",
                        "arguments": [
                        ]
                    },
                    "status": "",
                    "childrenList": [
                    ],
                    "jumpToDefinition": null
                },
                {
                    "message": {
                        "text": "assumptions about static addresses",
                        "arguments": [
                        ]
                    },
                    "status": "",
                    "childrenList": [
                    ],
                    "jumpToDefinition": null
                },
                {
                    "message": {
                        "text": "establish addresses of precompiled contracts",
                        "arguments": [
                        ]
                    },
                    "status": "",
                    "childrenList": [
                    ],
                    "jumpToDefinition": null
                },
                {
                    "message": {
                        "text": "assumptions about uniqueness of contracts' addresses",
                        "arguments": [
                        ]
                    },
                    "status": "",
                    "childrenList": [
                    ],
                    "jumpToDefinition": null
                },
                {
                    "message": {
                        "text": "static links",
                        "arguments": [
                        ]
                    },
                    "status": "",
                    "childrenList": [
                    ],
                    "jumpToDefinition": null
                },
                {
                    "message": {
                        "text": "record starting nonces",
                        "arguments": [
                        ]
                    },
                    "status": "",
                    "childrenList": [
                    ],
                    "jumpToDefinition": null
                },
                {
                    "message": {
                        "text": "cloned contracts have no balances",
                        "arguments": [
                        ]
                    },
                    "status": "",
                    "childrenList": [
                    ],
                    "jumpToDefinition": null
                },
                {
                    "message": {
                        "text": "Linked immutable setup",
                        "arguments": [
                        ]
                    },
                    "status": "",
                    "childrenList": [
                    ],
                    "jumpToDefinition": null
                },
                {
                    "message": {
                        "text": "Constrain immutables",
                        "arguments": [
                        ]
                    },
                    "status": "",
                    "childrenList": [
                    ],
                    "jumpToDefinition": null
                },
                {
                    "message": {
                        "text": "establish equivalence of extension and base contract immutables",
                        "arguments": [
                        ]
                    },
                    "status": "",
                    "childrenList": [
                    ],
                    "jumpToDefinition": null
                }
            ],
            "jumpToDefinition": null
        },
        {
            "message": {
                "text": "bool b",
                "arguments": [
                ]
            },
            "status": "",
            "childrenList": [
            ],
            "jumpToDefinition": {
                "file": "Cast.spec",
                "start": {
                    "line": 40,
                    "col": 5
                },
                "end": {
                    "line": 40,
                    "col": 12
                }
            }
        },
        {
            "message": {
                "text": "uint256 toCast",
                "arguments": [
                ]
            },
            "status": "",
            "childrenList": [
            ],
            "jumpToDefinition": {
                "file": "Cast.spec",
                "start": {
                    "line": 41,
                    "col": 5
                },
                "end": {
                    "line": 41,
                    "col": 20
                }
            }
        },
        {
            "message": {
                "text": "if (b)",
                "arguments": [
                ]
            },
            "status": "",
            "childrenList": [
                {
                    "message": {
                        "text": "b â†ª '{0}'",
                        "arguments": [
                            {
                                "value": "true",
                                "values": [
                                    "true"
                                ],
                                "tooltip": "value of expression",
                                "truncatable": false
                            }
                        ]
                    },
                    "status": "",
                    "childrenList": [
                    ],
                    "jumpToDefinition": {
                        "file": "Cast.spec",
                        "start": {
                            "line": 42,
                            "col": 9
                        },
                        "end": {
                            "line": 42,
                            "col": 10
                        }
                    }
                },
                {
                    "message": {
                        "text": "THEN branch",
                        "arguments": [
                        ]
                    },
                    "status": "",
                    "childrenList": [
                        {
                            "message": {
                                "text": "ret = assert_uint256(toCast * 1)",
                                "arguments": [
                                ]
                            },
                            "status": "",
                            "childrenList": [
                                {
                                    "message": {
                                        "text": "assert-cast check passed",
                                        "arguments": [
                                        ]
                                    },
                                    "status": "ASSERT CAST",
                                    "childrenList": [
                                        {
                                            "message": {
                                                "text": "toCast * 1 â†ª '{0}'",
                                                "arguments": [
                                                    {
                                                        "value": "0x0",
                                                        "values": [
                                                            "0x0",
                                                            "0",
                                                            "0x0"
                                                        ],
                                                        "tooltip": "value of expression",
                                                        "truncatable": true
                                                    }
                                                ]
                                            },
                                            "status": "",
                                            "childrenList": [
                                                {
                                                    "message": {
                                                        "text": "toCast â†ª '{0}'",
                                                        "arguments": [
                                                            {
                                                                "value": "0x0",
                                                                "values": [
                                                                    "0x0",
                                                                    "0",
                                                                    "0x0"
                                                                ],
                                                                "tooltip": "value of expression",
                                                                "truncatable": true
                                                            }
                                                        ]
                                                    },
                                                    "status": "",
                                                    "childrenList": [
                                                    ],
                                                    "jumpToDefinition": {
                                                        "file": "Cast.spec",
                                                        "start": {
                                                            "line": 47,
                                                            "col": 35
                                                        },
                                                        "end": {
                                                            "line": 47,
                                                            "col": 41
                                                        }
                                                    }
                                                },
                                                {
                                                    "message": {
                                                        "text": "1",
                                                        "arguments": [
                                                        ]
                                                    },
                                                    "status": "",
                                                    "childrenList": [
                                                    ],
                                                    "jumpToDefinition": {
                                                        "file": "Cast.spec",
                                                        "start": {
                                                            "line": 47,
                                                            "col": 44
                                                        },
                                                        "end": {
                                                            "line": 47,
                                                            "col": 45
                                                        }
                                                    }
                                                }
                                            ],
                                            "jumpToDefinition": {
                                                "file": "Cast.spec",
                                                "start": {
                                                    "line": 47,
                                                    "col": 35
                                                },
                                                "end": {
                                                    "line": 47,
                                                    "col": 45
                                                }
                                            }
                                        }
                                    ],
                                    "jumpToDefinition": {
                                        "file": "Cast.spec",
                                        "start": {
                                            "line": 47,
                                            "col": 20
                                        },
                                        "end": {
                                            "line": 47,
                                            "col": 45
                                        }
                                    }
                                }
                            ],
                            "jumpToDefinition": {
                                "file": "Cast.spec",
                                "start": {
                                    "line": 47,
                                    "col": 9
                                },
                                "end": {
                                    "line": 47,
                                    "col": 47
                                }
                            }
                        },
                        {
                            "message": {
                                "text": "assert ret > 0",
                                "arguments": [
                                ]
                            },
                            "status": "",
                            "childrenList": [
                                {
                                    "message": {
                                        "text": "ret > 0 â†ª '{0}'",
                                        "arguments": [
                                            {
                                                "value": "false",
                                                "values": [
                                                    "false"
                                                ],
                                                "tooltip": "value of expression",
                                                "truncatable": false
                                            }
                                        ]
                                    },
                                    "status": "",
                                    "childrenList": [
                                        {
                                            "message": {
                                                "text": "ret â†ª '{0}'",
                                                "arguments": [
                                                    {
                                                        "value": "0x0",
                                                        "values": [
                                                            "0x0",
                                                            "0",
                                                            "0x0"
                                                        ],
                                                        "tooltip": "value of expression",
                                                        "truncatable": true
                                                    }
                                                ]
                                            },
                                            "status": "",
                                            "childrenList": [
                                            ],
                                            "jumpToDefinition": {
                                                "file": "Cast.spec",
                                                "start": {
                                                    "line": 48,
                                                    "col": 16
                                                },
                                                "end": {
                                                    "line": 48,
                                                    "col": 19
                                                }
                                            }
                                        },
                                        {
                                            "message": {
                                                "text": "0",
                                                "arguments": [
                                                ]
                                            },
                                            "status": "",
                                            "childrenList": [
                                            ],
                                            "jumpToDefinition": {
                                                "file": "Cast.spec",
                                                "start": {
                                                    "line": 48,
                                                    "col": 22
                                                },
                                                "end": {
                                                    "line": 48,
                                                    "col": 23
                                                }
                                            }
                                        }
                                    ],
                                    "jumpToDefinition": {
                                        "file": "Cast.spec",
                                        "start": {
                                            "line": 48,
                                            "col": 16
                                        },
                                        "end": {
                                            "line": 48,
                                            "col": 23
                                        }
                                    }
                                },
                                {
                                    "message": {
                                        "text": "Global State",
                                        "arguments": [
                                        ]
                                    },
                                    "status": "",
                                    "childrenList": [
                                    ],
                                    "jumpToDefinition": null,
                                    "storageId": null
                                }
                            ],
                            "jumpToDefinition": {
                                "file": "Cast.spec",
                                "start": {
                                    "line": 48,
                                    "col": 9
                                },
                                "end": {
                                    "line": 48,
                                    "col": 24
                                }
                            }
                        }
                    ],
                    "jumpToDefinition": {
                        "file": "Cast.spec",
                        "start": {
                            "line": 42,
                            "col": 12
                        },
                        "end": {
                            "line": 49,
                            "col": 6
                        }
                    }
                }
            ],
            "jumpToDefinition": {
                "file": "Cast.spec",
                "start": {
                    "line": 42,
                    "col": 5
                },
                "end": {
                    "line": 49,
                    "col": 6
                }
            }
        }
    ],
    "jumpToDefinition": null
}