{
    "message": {
        "text": "CVLFunc()",
        "arguments": [
        ]
    },
    "status": "",
    "childrenList": [
        {
            "message": {
                "text": "Global State",
                "arguments": [
                ]
            },
            "status": "",
            "childrenList": [
            ],
            "jumpToDefinition": null,
            "storageId": null
        },
        {
            "message": {
                "text": "rule parameters setup",
                "arguments": [
                ]
            },
            "status": "",
            "childrenList": [
            ],
            "jumpToDefinition": null
        },
        {
            "message": {
                "text": "Setup",
                "arguments": [
                ]
            },
            "status": "",
            "childrenList": [
                {
                    "message": {
                        "text": "multi contract setup",
                        "arguments": [
                        ]
                    },
                    "status": "",
                    "childrenList": [
                    ],
                    "jumpToDefinition": null
                },
                {
                    "message": {
                        "text": "contract address vars initialized",
                        "arguments": [
                        ]
                    },
                    "status": "",
                    "childrenList": [
                    ],
                    "jumpToDefinition": null
                },
                {
                    "message": {
                        "text": "setup read tracking instrumentation",
                        "arguments": [
                        ]
                    },
                    "status": "",
                    "childrenList": [
                    ],
                    "jumpToDefinition": null
                },
                {
                    "message": {
                        "text": "last storage initialize",
                        "arguments": [
                        ]
                    },
                    "status": "",
                    "childrenList": [
                    ],
                    "jumpToDefinition": null
                },
                {
                    "message": {
                        "text": "assuming contracts in scene with non-empty bytecode have EXTCODESIZE larger than zero",
                        "arguments": [
                        ]
                    },
                    "status": "",
                    "childrenList": [
                    ],
                    "jumpToDefinition": null
                },
                {
                    "message": {
                        "text": "assuming address(0).code has no code deployed",
                        "arguments": [
                        ]
                    },
                    "status": "",
                    "childrenList": [
                    ],
                    "jumpToDefinition": null
                },
                {
                    "message": {
                        "text": "assumptions about contracts' addresses",
                        "arguments": [
                        ]
                    },
                    "status": "",
                    "childrenList": [
                    ],
                    "jumpToDefinition": null
                },
                {
                    "message": {
                        "text": "assumptions about static addresses",
                        "arguments": [
                        ]
                    },
                    "status": "",
                    "childrenList": [
                    ],
                    "jumpToDefinition": null
                },
                {
                    "message": {
                        "text": "establish addresses of precompiled contracts",
                        "arguments": [
                        ]
                    },
                    "status": "",
                    "childrenList": [
                    ],
                    "jumpToDefinition": null
                },
                {
                    "message": {
                        "text": "assumptions about uniqueness of contracts' addresses",
                        "arguments": [
                        ]
                    },
                    "status": "",
                    "childrenList": [
                    ],
                    "jumpToDefinition": null
                },
                {
                    "message": {
                        "text": "static links",
                        "arguments": [
                        ]
                    },
                    "status": "",
                    "childrenList": [
                    ],
                    "jumpToDefinition": null
                },
                {
                    "message": {
                        "text": "record starting nonces",
                        "arguments": [
                        ]
                    },
                    "status": "",
                    "childrenList": [
                    ],
                    "jumpToDefinition": null
                },
                {
                    "message": {
                        "text": "cloned contracts have no balances",
                        "arguments": [
                        ]
                    },
                    "status": "",
                    "childrenList": [
                    ],
                    "jumpToDefinition": null
                },
                {
                    "message": {
                        "text": "Linked immutable setup",
                        "arguments": [
                        ]
                    },
                    "status": "",
                    "childrenList": [
                    ],
                    "jumpToDefinition": null
                },
                {
                    "message": {
                        "text": "Constrain immutables",
                        "arguments": [
                        ]
                    },
                    "status": "",
                    "childrenList": [
                    ],
                    "jumpToDefinition": null
                },
                {
                    "message": {
                        "text": "establish equivalence of extension and base contract immutables",
                        "arguments": [
                        ]
                    },
                    "status": "",
                    "childrenList": [
                    ],
                    "jumpToDefinition": null
                }
            ],
            "jumpToDefinition": null
        },
        {
            "message": {
                "text": "env e",
                "arguments": [
                ]
            },
            "status": "",
            "childrenList": [
            ],
            "jumpToDefinition": {
                "file": "Cast.spec",
                "start": {
                    "line": 33,
                    "col": 5
                },
                "end": {
                    "line": 33,
                    "col": 11
                }
            }
        },
        {
            "message": {
                "text": "int16 toCast",
                "arguments": [
                ]
            },
            "status": "",
            "childrenList": [
            ],
            "jumpToDefinition": {
                "file": "Cast.spec",
                "start": {
                    "line": 34,
                    "col": 5
                },
                "end": {
                    "line": 34,
                    "col": 18
                }
            }
        },
        {
            "message": {
                "text": "fu(toCast)",
                "arguments": [
                ]
            },
            "status": "",
            "childrenList": [
                {
                    "message": {
                        "text": "fu(toCast='{0}')",
                        "arguments": [
                            {
                                "value": "-0x2",
                                "values": [
                                    "-0x2",
                                    "-2",
                                    "-0x2"
                                ],
                                "tooltip": "parameter",
                                "truncatable": true
                            }
                        ]
                    },
                    "status": "",
                    "childrenList": [
                        {
                            "message": {
                                "text": "assert-cast check passed",
                                "arguments": [
                                ]
                            },
                            "status": "ASSERT CAST",
                            "childrenList": [
                                {
                                    "message": {
                                        "text": "toCast * 1 â†ª '{0}'",
                                        "arguments": [
                                            {
                                                "value": "-0x2",
                                                "values": [
                                                    "-0x2",
                                                    "-2",
                                                    "-0x2"
                                                ],
                                                "tooltip": "value of expression",
                                                "truncatable": true
                                            }
                                        ]
                                    },
                                    "status": "",
                                    "childrenList": [
                                        {
                                            "message": {
                                                "text": "toCast â†ª '{0}'",
                                                "arguments": [
                                                    {
                                                        "value": "-0x2",
                                                        "values": [
                                                            "-0x2",
                                                            "-2",
                                                            "-0x2"
                                                        ],
                                                        "tooltip": "value of expression",
                                                        "truncatable": true
                                                    }
                                                ]
                                            },
                                            "status": "",
                                            "childrenList": [
                                            ],
                                            "jumpToDefinition": {
                                                "file": "Cast.spec",
                                                "start": {
                                                    "line": 2,
                                                    "col": 25
                                                },
                                                "end": {
                                                    "line": 2,
                                                    "col": 31
                                                }
                                            }
                                        },
                                        {
                                            "message": {
                                                "text": "1",
                                                "arguments": [
                                                ]
                                            },
                                            "status": "",
                                            "childrenList": [
                                            ],
                                            "jumpToDefinition": {
                                                "file": "Cast.spec",
                                                "start": {
                                                    "line": 2,
                                                    "col": 34
                                                },
                                                "end": {
                                                    "line": 2,
                                                    "col": 35
                                                }
                                            }
                                        }
                                    ],
                                    "jumpToDefinition": {
                                        "file": "Cast.spec",
                                        "start": {
                                            "line": 2,
                                            "col": 25
                                        },
                                        "end": {
                                            "line": 2,
                                            "col": 35
                                        }
                                    }
                                }
                            ],
                            "jumpToDefinition": {
                                "file": "Cast.spec",
                                "start": {
                                    "line": 2,
                                    "col": 12
                                },
                                "end": {
                                    "line": 2,
                                    "col": 35
                                }
                            }
                        }
                    ],
                    "jumpToDefinition": {
                        "file": "Cast.spec",
                        "start": {
                            "line": 35,
                            "col": 5
                        },
                        "end": {
                            "line": 35,
                            "col": 15
                        }
                    }
                }
            ],
            "jumpToDefinition": {
                "file": "Cast.spec",
                "start": {
                    "line": 35,
                    "col": 5
                },
                "end": {
                    "line": 35,
                    "col": 16
                }
            }
        },
        {
            "message": {
                "text": "assert false",
                "arguments": [
                ]
            },
            "status": "",
            "childrenList": [
                {
                    "message": {
                        "text": "Global State",
                        "arguments": [
                        ]
                    },
                    "status": "",
                    "childrenList": [
                    ],
                    "jumpToDefinition": null,
                    "storageId": null
                }
            ],
            "jumpToDefinition": {
                "file": "Cast.spec",
                "start": {
                    "line": 36,
                    "col": 5
                },
                "end": {
                    "line": 36,
                    "col": 18
                }
            }
        }
    ],
    "jumpToDefinition": null
}