{
    "message": {
        "text": "DefinitionStatement()",
        "arguments": [
        ]
    },
    "status": "",
    "childrenList": [
        {
            "message": {
                "text": "Global State",
                "arguments": [
                ]
            },
            "status": "",
            "childrenList": [
            ],
            "jumpToDefinition": null,
            "storageId": null
        },
        {
            "message": {
                "text": "rule parameters setup",
                "arguments": [
                ]
            },
            "status": "",
            "childrenList": [
            ],
            "jumpToDefinition": null
        },
        {
            "message": {
                "text": "Setup",
                "arguments": [
                ]
            },
            "status": "",
            "childrenList": [
                {
                    "message": {
                        "text": "multi contract setup",
                        "arguments": [
                        ]
                    },
                    "status": "",
                    "childrenList": [
                    ],
                    "jumpToDefinition": null
                },
                {
                    "message": {
                        "text": "contract address vars initialized",
                        "arguments": [
                        ]
                    },
                    "status": "",
                    "childrenList": [
                    ],
                    "jumpToDefinition": null
                },
                {
                    "message": {
                        "text": "setup read tracking instrumentation",
                        "arguments": [
                        ]
                    },
                    "status": "",
                    "childrenList": [
                    ],
                    "jumpToDefinition": null
                },
                {
                    "message": {
                        "text": "last storage initialize",
                        "arguments": [
                        ]
                    },
                    "status": "",
                    "childrenList": [
                    ],
                    "jumpToDefinition": null
                },
                {
                    "message": {
                        "text": "assuming contracts in scene with non-empty bytecode have EXTCODESIZE larger than zero",
                        "arguments": [
                        ]
                    },
                    "status": "",
                    "childrenList": [
                    ],
                    "jumpToDefinition": null
                },
                {
                    "message": {
                        "text": "assuming address(0).code has no code deployed",
                        "arguments": [
                        ]
                    },
                    "status": "",
                    "childrenList": [
                    ],
                    "jumpToDefinition": null
                },
                {
                    "message": {
                        "text": "assumptions about contracts' addresses",
                        "arguments": [
                        ]
                    },
                    "status": "",
                    "childrenList": [
                    ],
                    "jumpToDefinition": null
                },
                {
                    "message": {
                        "text": "assumptions about static addresses",
                        "arguments": [
                        ]
                    },
                    "status": "",
                    "childrenList": [
                    ],
                    "jumpToDefinition": null
                },
                {
                    "message": {
                        "text": "establish addresses of precompiled contracts",
                        "arguments": [
                        ]
                    },
                    "status": "",
                    "childrenList": [
                    ],
                    "jumpToDefinition": null
                },
                {
                    "message": {
                        "text": "assumptions about uniqueness of contracts' addresses",
                        "arguments": [
                        ]
                    },
                    "status": "",
                    "childrenList": [
                    ],
                    "jumpToDefinition": null
                },
                {
                    "message": {
                        "text": "static links",
                        "arguments": [
                        ]
                    },
                    "status": "",
                    "childrenList": [
                    ],
                    "jumpToDefinition": null
                },
                {
                    "message": {
                        "text": "record starting nonces",
                        "arguments": [
                        ]
                    },
                    "status": "",
                    "childrenList": [
                    ],
                    "jumpToDefinition": null
                },
                {
                    "message": {
                        "text": "cloned contracts have no balances",
                        "arguments": [
                        ]
                    },
                    "status": "",
                    "childrenList": [
                    ],
                    "jumpToDefinition": null
                },
                {
                    "message": {
                        "text": "Linked immutable setup",
                        "arguments": [
                        ]
                    },
                    "status": "",
                    "childrenList": [
                    ],
                    "jumpToDefinition": null
                },
                {
                    "message": {
                        "text": "Constrain immutables",
                        "arguments": [
                        ]
                    },
                    "status": "",
                    "childrenList": [
                    ],
                    "jumpToDefinition": null
                },
                {
                    "message": {
                        "text": "establish equivalence of extension and base contract immutables",
                        "arguments": [
                        ]
                    },
                    "status": "",
                    "childrenList": [
                    ],
                    "jumpToDefinition": null
                }
            ],
            "jumpToDefinition": null
        },
        {
            "message": {
                "text": "uint256 x",
                "arguments": [
                ]
            },
            "status": "",
            "childrenList": [
            ],
            "jumpToDefinition": {
                "file": "Cast.spec",
                "start": {
                    "line": 54,
                    "col": 5
                },
                "end": {
                    "line": 54,
                    "col": 12
                }
            }
        },
        {
            "message": {
                "text": "uint256 y",
                "arguments": [
                ]
            },
            "status": "",
            "childrenList": [
            ],
            "jumpToDefinition": {
                "file": "Cast.spec",
                "start": {
                    "line": 55,
                    "col": 5
                },
                "end": {
                    "line": 55,
                    "col": 12
                }
            }
        },
        {
            "message": {
                "text": "result = assert_uint256(x + y)",
                "arguments": [
                ]
            },
            "status": "",
            "childrenList": [
                {
                    "message": {
                        "text": "assert-cast check failed",
                        "arguments": [
                        ]
                    },
                    "status": "ASSERT CAST",
                    "childrenList": [
                        {
                            "message": {
                                "text": "x + y ↪ '{0}'",
                                "arguments": [
                                    {
                                        "value": "2^256 + 4",
                                        "values": [
                                            "2^256 + 4",
                                            "115792089237316195423570985008687907853269984665640564039457584007913129639940",
                                            "0x10000000000000000000000000000000000000000000000000000000000000004"
                                        ],
                                        "tooltip": "value of expression",
                                        "truncatable": false
                                    }
                                ]
                            },
                            "status": "",
                            "childrenList": [
                                {
                                    "message": {
                                        "text": "x ↪ '{0}'",
                                        "arguments": [
                                            {
                                                "value": "2^256 - 6",
                                                "values": [
                                                    "2^256 - 6",
                                                    "115792089237316195423570985008687907853269984665640564039457584007913129639930",
                                                    "0xfffffffffffffffffffffffffffffffffffffffffffffffffffffffffffffffa"
                                                ],
                                                "tooltip": "value of expression",
                                                "truncatable": false
                                            }
                                        ]
                                    },
                                    "status": "",
                                    "childrenList": [
                                    ],
                                    "jumpToDefinition": {
                                        "file": "Cast.spec",
                                        "start": {
                                            "line": 56,
                                            "col": 28
                                        },
                                        "end": {
                                            "line": 56,
                                            "col": 29
                                        }
                                    }
                                },
                                {
                                    "message": {
                                        "text": "y ↪ '{0}'",
                                        "arguments": [
                                            {
                                                "value": "0xa",
                                                "values": [
                                                    "0xa",
                                                    "10",
                                                    "0xa"
                                                ],
                                                "tooltip": "value of expression",
                                                "truncatable": true
                                            }
                                        ]
                                    },
                                    "status": "",
                                    "childrenList": [
                                    ],
                                    "jumpToDefinition": {
                                        "file": "Cast.spec",
                                        "start": {
                                            "line": 56,
                                            "col": 31
                                        },
                                        "end": {
                                            "line": 56,
                                            "col": 32
                                        }
                                    }
                                }
                            ],
                            "jumpToDefinition": {
                                "file": "Cast.spec",
                                "start": {
                                    "line": 4,
                                    "col": 67
                                },
                                "end": {
                                    "line": 4,
                                    "col": 72
                                }
                            }
                        }
                    ],
                    "jumpToDefinition": {
                        "file": "Cast.spec",
                        "start": {
                            "line": 56,
                            "col": 19
                        },
                        "end": {
                            "line": 56,
                            "col": 33
                        }
                    }
                }
            ],
            "jumpToDefinition": {
                "file": "Cast.spec",
                "start": {
                    "line": 56,
                    "col": 5
                },
                "end": {
                    "line": 56,
                    "col": 34
                }
            }
        }
    ],
    "jumpToDefinition": null
}