{
    "message": {
        "text": "makeOneUp2()",
        "arguments": [
        ]
    },
    "status": "",
    "childrenList": [
        {
            "message": {
                "text": "Global State",
                "arguments": [
                ]
            },
            "status": "",
            "childrenList": [
            ],
            "jumpToDefinition": null,
            "storageId": null
        },
        {
            "message": {
                "text": "rule parameters setup",
                "arguments": [
                ]
            },
            "status": "",
            "childrenList": [
            ],
            "jumpToDefinition": null
        },
        {
            "message": {
                "text": "Setup",
                "arguments": [
                ]
            },
            "status": "",
            "childrenList": [
                {
                    "message": {
                        "text": "multi contract setup",
                        "arguments": [
                        ]
                    },
                    "status": "",
                    "childrenList": [
                    ],
                    "jumpToDefinition": null
                },
                {
                    "message": {
                        "text": "contract address vars initialized",
                        "arguments": [
                        ]
                    },
                    "status": "",
                    "childrenList": [
                    ],
                    "jumpToDefinition": null
                },
                {
                    "message": {
                        "text": "setup read tracking instrumentation",
                        "arguments": [
                        ]
                    },
                    "status": "",
                    "childrenList": [
                    ],
                    "jumpToDefinition": null
                },
                {
                    "message": {
                        "text": "last storage initialize",
                        "arguments": [
                        ]
                    },
                    "status": "",
                    "childrenList": [
                    ],
                    "jumpToDefinition": null
                },
                {
                    "message": {
                        "text": "assuming contracts in scene with non-empty bytecode have EXTCODESIZE larger than zero",
                        "arguments": [
                        ]
                    },
                    "status": "",
                    "childrenList": [
                    ],
                    "jumpToDefinition": null
                },
                {
                    "message": {
                        "text": "assuming address(0).code has no code deployed",
                        "arguments": [
                        ]
                    },
                    "status": "",
                    "childrenList": [
                    ],
                    "jumpToDefinition": null
                },
                {
                    "message": {
                        "text": "assumptions about contracts' addresses",
                        "arguments": [
                        ]
                    },
                    "status": "",
                    "childrenList": [
                    ],
                    "jumpToDefinition": null
                },
                {
                    "message": {
                        "text": "assumptions about static addresses",
                        "arguments": [
                        ]
                    },
                    "status": "",
                    "childrenList": [
                    ],
                    "jumpToDefinition": null
                },
                {
                    "message": {
                        "text": "establish addresses of precompiled contracts",
                        "arguments": [
                        ]
                    },
                    "status": "",
                    "childrenList": [
                    ],
                    "jumpToDefinition": null
                },
                {
                    "message": {
                        "text": "assumptions about uniqueness of contracts' addresses",
                        "arguments": [
                        ]
                    },
                    "status": "",
                    "childrenList": [
                    ],
                    "jumpToDefinition": null
                },
                {
                    "message": {
                        "text": "static links",
                        "arguments": [
                        ]
                    },
                    "status": "",
                    "childrenList": [
                    ],
                    "jumpToDefinition": null
                },
                {
                    "message": {
                        "text": "record starting nonces",
                        "arguments": [
                        ]
                    },
                    "status": "",
                    "childrenList": [
                    ],
                    "jumpToDefinition": null
                },
                {
                    "message": {
                        "text": "cloned contracts have no balances",
                        "arguments": [
                        ]
                    },
                    "status": "",
                    "childrenList": [
                    ],
                    "jumpToDefinition": null
                },
                {
                    "message": {
                        "text": "Linked immutable setup",
                        "arguments": [
                        ]
                    },
                    "status": "",
                    "childrenList": [
                    ],
                    "jumpToDefinition": null
                },
                {
                    "message": {
                        "text": "Constrain immutables",
                        "arguments": [
                        ]
                    },
                    "status": "",
                    "childrenList": [
                    ],
                    "jumpToDefinition": null
                },
                {
                    "message": {
                        "text": "establish equivalence of extension and base contract immutables",
                        "arguments": [
                        ]
                    },
                    "status": "",
                    "childrenList": [
                    ],
                    "jumpToDefinition": null
                },
                {
                    "message": {
                        "text": "Assuming all requireInvariants commands globally",
                        "arguments": [
                        ]
                    },
                    "status": "",
                    "childrenList": [
                    ],
                    "jumpToDefinition": null
                }
            ],
            "jumpToDefinition": null
        },
        {
            "message": {
                "text": "string s1",
                "arguments": [
                ]
            },
            "status": "",
            "childrenList": [
            ],
            "jumpToDefinition": {
                "file": "cvlStrings.spec",
                "start": {
                    "line": 33,
                    "col": 5
                },
                "end": {
                    "line": 33,
                    "col": 15
                }
            }
        },
        {
            "message": {
                "text": "require s1.length == 12",
                "arguments": [
                ]
            },
            "status": "",
            "childrenList": [
            ],
            "jumpToDefinition": {
                "file": "cvlStrings.spec",
                "start": {
                    "line": 34,
                    "col": 5
                },
                "end": {
                    "line": 34,
                    "col": 29
                }
            }
        },
        {
            "message": {
                "text": "b0 = s1[0]",
                "arguments": [
                ]
            },
            "status": "",
            "childrenList": [
            ],
            "jumpToDefinition": {
                "file": "cvlStrings.spec",
                "start": {
                    "line": 35,
                    "col": 5
                },
                "end": {
                    "line": 35,
                    "col": 23
                }
            }
        },
        {
            "message": {
                "text": "assert false",
                "arguments": [
                ]
            },
            "status": "",
            "childrenList": [
                {
                    "message": {
                        "text": "Global State",
                        "arguments": [
                        ]
                    },
                    "status": "",
                    "childrenList": [
                    ],
                    "jumpToDefinition": null,
                    "storageId": null
                }
            ],
            "jumpToDefinition": {
                "file": "cvlStrings.spec",
                "start": {
                    "line": 37,
                    "col": 5
                },
                "end": {
                    "line": 37,
                    "col": 18
                }
            }
        }
    ],
    "jumpToDefinition": null
}