{
    "name": "test_nested_array",
    "status": "",
    "childrenList": [
        {
            "name": "Global State",
            "status": "",
            "childrenList": [
            ],
            "jumpToDefinition": null,
            "storageId": null
        },
        {
            "name": "Setup",
            "status": "",
            "childrenList": [
                {
                    "name": "multi contract setup",
                    "status": "",
                    "childrenList": [
                    ],
                    "jumpToDefinition": null
                },
                {
                    "name": "rule parameters setup",
                    "status": "",
                    "childrenList": [
                    ],
                    "jumpToDefinition": null
                },
                {
                    "name": "contract address vars initialized",
                    "status": "",
                    "childrenList": [
                    ],
                    "jumpToDefinition": null
                },
                {
                    "name": "setup read tracking instrumentation",
                    "status": "",
                    "childrenList": [
                    ],
                    "jumpToDefinition": null
                },
                {
                    "name": "last storage initialize",
                    "status": "",
                    "childrenList": [
                    ],
                    "jumpToDefinition": null
                },
                {
                    "name": "assuming contracts in scene with non-empty bytecode have EXTCODESIZE larger than zero",
                    "status": "",
                    "childrenList": [
                    ],
                    "jumpToDefinition": null
                },
                {
                    "name": "assuming address(0).code has no code deployed",
                    "status": "",
                    "childrenList": [
                    ],
                    "jumpToDefinition": null
                },
                {
                    "name": "assumptions about contracts' addresses",
                    "status": "",
                    "childrenList": [
                    ],
                    "jumpToDefinition": null
                },
                {
                    "name": "assumptions about static addresses",
                    "status": "",
                    "childrenList": [
                    ],
                    "jumpToDefinition": null
                },
                {
                    "name": "establish addresses of precompiled contracts",
                    "status": "",
                    "childrenList": [
                    ],
                    "jumpToDefinition": null
                },
                {
                    "name": "assumptions about uniqueness of contracts' addresses",
                    "status": "",
                    "childrenList": [
                    ],
                    "jumpToDefinition": null
                },
                {
                    "name": "static links",
                    "status": "",
                    "childrenList": [
                    ],
                    "jumpToDefinition": null
                },
                {
                    "name": "record starting nonces",
                    "status": "",
                    "childrenList": [
                    ],
                    "jumpToDefinition": null
                },
                {
                    "name": "cloned contracts have no balances",
                    "status": "",
                    "childrenList": [
                    ],
                    "jumpToDefinition": null
                },
                {
                    "name": "Linked immutable setup",
                    "status": "",
                    "childrenList": [
                    ],
                    "jumpToDefinition": null
                },
                {
                    "name": "Constrain immutables",
                    "status": "",
                    "childrenList": [
                    ],
                    "jumpToDefinition": null
                }
            ],
            "jumpToDefinition": null
        },
        {
            "name": "assert call_nested_outer(bars)",
            "status": "",
            "childrenList": [
                {
                    "name": "call_nested_outer(bars=TestContract.Bar[] (length=1))",
                    "status": "",
                    "childrenList": [
                        {
                            "name": "TestContract.nested_outer(bars=[0={foo={field_int=0, field_bool=false, field_addr=15, field_bytes=bytes (length=63)}, dyn_arr=[0=14, 1=13, 2=1] (length=3), static_arr=[0=false, 1=false]}] (length=1))",
                            "status": "",
                            "childrenList": [
                                {
                                    "name": "Evaluating branch condition defined in TestContract.sol:3 on `contract TestContract {...}`",
                                    "status": "",
                                    "childrenList": [
                                    ],
                                    "jumpToDefinition": {
                                        "file": "TestContract.sol",
                                        "start": {
                                            "line": 3,
                                            "col": 1
                                        },
                                        "end": {
                                            "line": 72,
                                            "col": 2
                                        }
                                    }
                                },
                                {
                                    "name": "Evaluating branch condition defined in TestContract.sol:69 on `compiler-generate condition in function nested_outer(Bar[] memory bars) external pure returns (bool) `",
                                    "status": "",
                                    "childrenList": [
                                    ],
                                    "jumpToDefinition": {
                                        "file": "TestContract.sol",
                                        "start": {
                                            "line": 69,
                                            "col": 5
                                        },
                                        "end": {
                                            "line": 71,
                                            "col": 6
                                        }
                                    }
                                },
                                {
                                    "name": "unknown loop source code",
                                    "status": "",
                                    "childrenList": [
                                        {
                                            "name": "Loop Iteration 1",
                                            "status": "",
                                            "childrenList": [
                                                {
                                                    "name": "unknown loop source code",
                                                    "status": "",
                                                    "childrenList": [
                                                        {
                                                            "name": "Loop Iteration 1",
                                                            "status": "",
                                                            "childrenList": [
                                                            ],
                                                            "jumpToDefinition": null
                                                        },
                                                        {
                                                            "name": "Loop Iteration 2",
                                                            "status": "",
                                                            "childrenList": [
                                                            ],
                                                            "jumpToDefinition": null
                                                        },
                                                        {
                                                            "name": "Loop Iteration 3",
                                                            "status": "",
                                                            "childrenList": [
                                                            ],
                                                            "jumpToDefinition": null
                                                        }
                                                    ],
                                                    "jumpToDefinition": null
                                                },
                                                {
                                                    "name": "unknown loop source code",
                                                    "status": "",
                                                    "childrenList": [
                                                        {
                                                            "name": "Loop Iteration 1",
                                                            "status": "",
                                                            "childrenList": [
                                                            ],
                                                            "jumpToDefinition": null
                                                        },
                                                        {
                                                            "name": "Loop Iteration 2",
                                                            "status": "",
                                                            "childrenList": [
                                                            ],
                                                            "jumpToDefinition": null
                                                        }
                                                    ],
                                                    "jumpToDefinition": null
                                                }
                                            ],
                                            "jumpToDefinition": null
                                        }
                                    ],
                                    "jumpToDefinition": null
                                },
                                {
                                    "name": "(internal) TestContract.nested_inner(bars=TestContract.Bar[])",
                                    "status": "",
                                    "childrenList": [
                                        {
                                            "name": "Evaluating branch condition defined in TestContract.sol:66 on `bars[0]`",
                                            "status": "",
                                            "childrenList": [
                                            ],
                                            "jumpToDefinition": {
                                                "file": "TestContract.sol",
                                                "start": {
                                                    "line": 66,
                                                    "col": 16
                                                },
                                                "end": {
                                                    "line": 66,
                                                    "col": 23
                                                }
                                            }
                                        },
                                        {
                                            "name": "Evaluating branch condition defined in TestContract.sol:66 on `bars[0].dyn_arr[2]`",
                                            "status": "",
                                            "childrenList": [
                                            ],
                                            "jumpToDefinition": {
                                                "file": "TestContract.sol",
                                                "start": {
                                                    "line": 66,
                                                    "col": 16
                                                },
                                                "end": {
                                                    "line": 66,
                                                    "col": 34
                                                }
                                            }
                                        },
                                        {
                                            "name": "Evaluating branch condition defined in TestContract.sol:66 on `bars[0].dyn_arr[2] == 3 && bars[1].static_arr[0]`",
                                            "status": "",
                                            "childrenList": [
                                            ],
                                            "jumpToDefinition": {
                                                "file": "TestContract.sol",
                                                "start": {
                                                    "line": 66,
                                                    "col": 16
                                                },
                                                "end": {
                                                    "line": 66,
                                                    "col": 64
                                                }
                                            }
                                        },
                                        {
                                            "name": "Evaluating branch condition defined in TestContract.sol:66 on `bars[0].dyn_arr[2] == 3 && bars[1].static_arr[0] && bars[2].foo.field_addr != address(0)`",
                                            "status": "",
                                            "childrenList": [
                                            ],
                                            "jumpToDefinition": {
                                                "file": "TestContract.sol",
                                                "start": {
                                                    "line": 66,
                                                    "col": 16
                                                },
                                                "end": {
                                                    "line": 66,
                                                    "col": 104
                                                }
                                            }
                                        },
                                        {
                                            "name": "Global State",
                                            "status": "",
                                            "childrenList": [
                                            ],
                                            "jumpToDefinition": null,
                                            "storageId": null
                                        }
                                    ],
                                    "jumpToDefinition": {
                                        "file": "TestContract.sol",
                                        "start": {
                                            "line": 70,
                                            "col": 16
                                        },
                                        "end": {
                                            "line": 70,
                                            "col": 34
                                        }
                                    },
                                    "returnValue": "false",
                                    "variables": [
                                    ]
                                },
                                {
                                    "name": "Return",
                                    "status": "",
                                    "childrenList": [
                                    ],
                                    "jumpToDefinition": {
                                        "file": "TestContract.sol",
                                        "start": {
                                            "line": 69,
                                            "col": 5
                                        },
                                        "end": {
                                            "line": 71,
                                            "col": 6
                                        }
                                    }
                                }
                            ],
                            "jumpToDefinition": {
                                "file": "TestContract.sol",
                                "start": {
                                    "line": 69,
                                    "col": 5
                                },
                                "end": {
                                    "line": 71,
                                    "col": 6
                                }
                            },
                            "returnValue": "false",
                            "variables": [
                            ]
                        }
                    ],
                    "jumpToDefinition": {
                        "file": "Complex.spec",
                        "start": {
                            "line": 89,
                            "col": 12
                        },
                        "end": {
                            "line": 89,
                            "col": 35
                        }
                    },
                    "returnValue": "false",
                    "variables": [
                        {
                            "bars": "TestContract.Bar[] (length=1)",
                            "jumpToDefinition": null
                        }
                    ]
                },
                {
                    "name": "Global State",
                    "status": "",
                    "childrenList": [
                    ],
                    "jumpToDefinition": null,
                    "storageId": null
                }
            ],
            "jumpToDefinition": null
        }
    ],
    "jumpToDefinition": null,
    "returnValue": "",
    "variables": [
    ]
}