{
    "message": {
        "text": "AsParam()",
        "arguments": [
        ]
    },
    "status": "",
    "childrenList": [
        {
            "message": {
                "text": "Global State",
                "arguments": [
                ]
            },
            "status": "",
            "childrenList": [
                {
                    "message": {
                        "text": "Balances",
                        "arguments": [
                        ]
                    },
                    "status": "",
                    "childrenList": [
                        {
                            "message": {
                                "text": "0x2712.balance: '{0}'",
                                "arguments": [
                                    {
                                        "value": "0x0",
                                        "values": [
                                            "0x0",
                                            "0",
                                            "0x0"
                                        ],
                                        "tooltip": "balance",
                                        "truncatable": true
                                    }
                                ]
                            },
                            "status": "",
                            "childrenList": [
                            ],
                            "jumpToDefinition": null
                        },
                        {
                            "message": {
                                "text": "Cast.balance: '{0}'",
                                "arguments": [
                                    {
                                        "value": "0x0",
                                        "values": [
                                            "0x0",
                                            "0",
                                            "0x0"
                                        ],
                                        "tooltip": "balance",
                                        "truncatable": true
                                    }
                                ]
                            },
                            "status": "",
                            "childrenList": [
                            ],
                            "jumpToDefinition": null
                        }
                    ],
                    "jumpToDefinition": null,
                    "storageId": 1
                }
            ],
            "jumpToDefinition": null,
            "storageId": null
        },
        {
            "message": {
                "text": "rule parameters setup",
                "arguments": [
                ]
            },
            "status": "",
            "childrenList": [
            ],
            "jumpToDefinition": null
        },
        {
            "message": {
                "text": "Setup",
                "arguments": [
                ]
            },
            "status": "",
            "childrenList": [
                {
                    "message": {
                        "text": "multi contract setup",
                        "arguments": [
                        ]
                    },
                    "status": "",
                    "childrenList": [
                    ],
                    "jumpToDefinition": null
                },
                {
                    "message": {
                        "text": "contract address vars initialized",
                        "arguments": [
                        ]
                    },
                    "status": "",
                    "childrenList": [
                    ],
                    "jumpToDefinition": null
                },
                {
                    "message": {
                        "text": "setup read tracking instrumentation",
                        "arguments": [
                        ]
                    },
                    "status": "",
                    "childrenList": [
                    ],
                    "jumpToDefinition": null
                },
                {
                    "message": {
                        "text": "last storage initialize",
                        "arguments": [
                        ]
                    },
                    "status": "",
                    "childrenList": [
                    ],
                    "jumpToDefinition": null
                },
                {
                    "message": {
                        "text": "assuming contracts in scene with non-empty bytecode have EXTCODESIZE larger than zero",
                        "arguments": [
                        ]
                    },
                    "status": "",
                    "childrenList": [
                    ],
                    "jumpToDefinition": null
                },
                {
                    "message": {
                        "text": "assuming address(0).code has no code deployed",
                        "arguments": [
                        ]
                    },
                    "status": "",
                    "childrenList": [
                    ],
                    "jumpToDefinition": null
                },
                {
                    "message": {
                        "text": "assumptions about contracts' addresses",
                        "arguments": [
                        ]
                    },
                    "status": "",
                    "childrenList": [
                    ],
                    "jumpToDefinition": null
                },
                {
                    "message": {
                        "text": "assumptions about static addresses",
                        "arguments": [
                        ]
                    },
                    "status": "",
                    "childrenList": [
                    ],
                    "jumpToDefinition": null
                },
                {
                    "message": {
                        "text": "establish addresses of precompiled contracts",
                        "arguments": [
                        ]
                    },
                    "status": "",
                    "childrenList": [
                    ],
                    "jumpToDefinition": null
                },
                {
                    "message": {
                        "text": "assumptions about uniqueness of contracts' addresses",
                        "arguments": [
                        ]
                    },
                    "status": "",
                    "childrenList": [
                    ],
                    "jumpToDefinition": null
                },
                {
                    "message": {
                        "text": "static links",
                        "arguments": [
                        ]
                    },
                    "status": "",
                    "childrenList": [
                    ],
                    "jumpToDefinition": null
                },
                {
                    "message": {
                        "text": "record starting nonces",
                        "arguments": [
                        ]
                    },
                    "status": "",
                    "childrenList": [
                    ],
                    "jumpToDefinition": null
                },
                {
                    "message": {
                        "text": "cloned contracts have no balances",
                        "arguments": [
                        ]
                    },
                    "status": "",
                    "childrenList": [
                    ],
                    "jumpToDefinition": null
                },
                {
                    "message": {
                        "text": "Linked immutable setup",
                        "arguments": [
                        ]
                    },
                    "status": "",
                    "childrenList": [
                    ],
                    "jumpToDefinition": null
                },
                {
                    "message": {
                        "text": "Constrain immutables",
                        "arguments": [
                        ]
                    },
                    "status": "",
                    "childrenList": [
                    ],
                    "jumpToDefinition": null
                },
                {
                    "message": {
                        "text": "establish equivalence of extension and base contract immutables",
                        "arguments": [
                        ]
                    },
                    "status": "",
                    "childrenList": [
                    ],
                    "jumpToDefinition": null
                }
            ],
            "jumpToDefinition": null
        },
        {
            "message": {
                "text": "env e",
                "arguments": [
                ]
            },
            "status": "",
            "childrenList": [
            ],
            "jumpToDefinition": {
                "file": "Cast.spec",
                "start": {
                    "line": 24,
                    "col": 5
                },
                "end": {
                    "line": 24,
                    "col": 11
                }
            }
        },
        {
            "message": {
                "text": "uint256 toCast",
                "arguments": [
                ]
            },
            "status": "",
            "childrenList": [
            ],
            "jumpToDefinition": {
                "file": "Cast.spec",
                "start": {
                    "line": 25,
                    "col": 5
                },
                "end": {
                    "line": 25,
                    "col": 17
                }
            }
        },
        {
            "message": {
                "text": "res = require_uint256(toCast * 2)",
                "arguments": [
                ]
            },
            "status": "",
            "childrenList": [
            ],
            "jumpToDefinition": {
                "file": "Cast.spec",
                "start": {
                    "line": 26,
                    "col": 5
                },
                "end": {
                    "line": 26,
                    "col": 44
                }
            }
        },
        {
            "message": {
                "text": "Cast.f(e, assert_uint256(toCast * 2))",
                "arguments": [
                ]
            },
            "status": "",
            "childrenList": [
                {
                    "message": {
                        "text": "assert-cast check passed",
                        "arguments": [
                        ]
                    },
                    "status": "ASSERT CAST",
                    "childrenList": [
                        {
                            "message": {
                                "text": "toCast * 2 ↪ '{0}'",
                                "arguments": [
                                    {
                                        "value": "0xaaaaaaaaaaaaaaaaaaaaaaaaaaaaaaaaaaaaaaaaaaaaaaaaaaaaaaaaaaaaaaae",
                                        "values": [
                                            "0xaaaaaaaaaaaaaaaaaaaaaaaaaaaaaaaaaaaaaaaaaaaaaaaaaaaaaaaaaaaaaaae",
                                            "77194726158210796949047323339125271902179989777093709359638389338608753093294",
                                            "0xaaaaaaaaaaaaaaaaaaaaaaaaaaaaaaaaaaaaaaaaaaaaaaaaaaaaaaaaaaaaaaae"
                                        ],
                                        "tooltip": "value of expression",
                                        "truncatable": true
                                    }
                                ]
                            },
                            "status": "",
                            "childrenList": [
                                {
                                    "message": {
                                        "text": "toCast ↪ '{0}'",
                                        "arguments": [
                                            {
                                                "value": "0x5555555555555555555555555555555555555555555555555555555555555557",
                                                "values": [
                                                    "0x5555555555555555555555555555555555555555555555555555555555555557",
                                                    "38597363079105398474523661669562635951089994888546854679819194669304376546647",
                                                    "0x5555555555555555555555555555555555555555555555555555555555555557"
                                                ],
                                                "tooltip": "value of expression",
                                                "truncatable": true
                                            }
                                        ]
                                    },
                                    "status": "",
                                    "childrenList": [
                                    ],
                                    "jumpToDefinition": {
                                        "file": "Cast.spec",
                                        "start": {
                                            "line": 27,
                                            "col": 25
                                        },
                                        "end": {
                                            "line": 27,
                                            "col": 31
                                        }
                                    }
                                },
                                {
                                    "message": {
                                        "text": "2",
                                        "arguments": [
                                        ]
                                    },
                                    "status": "",
                                    "childrenList": [
                                    ],
                                    "jumpToDefinition": {
                                        "file": "Cast.spec",
                                        "start": {
                                            "line": 27,
                                            "col": 34
                                        },
                                        "end": {
                                            "line": 27,
                                            "col": 35
                                        }
                                    }
                                }
                            ],
                            "jumpToDefinition": {
                                "file": "Cast.spec",
                                "start": {
                                    "line": 27,
                                    "col": 25
                                },
                                "end": {
                                    "line": 27,
                                    "col": 35
                                }
                            }
                        }
                    ],
                    "jumpToDefinition": {
                        "file": "Cast.spec",
                        "start": {
                            "line": 27,
                            "col": 10
                        },
                        "end": {
                            "line": 27,
                            "col": 35
                        }
                    }
                },
                {
                    "message": {
                        "text": "Cast.f(a='{0}') ↪ '{1}'",
                        "arguments": [
                            {
                                "value": "0xaaaaaaaaaaaaaaaaaaaaaaaaaaaaaaaaaaaaaaaaaaaaaaaaaaaaaaaaaaaaaaae",
                                "values": [
                                    "0xaaaaaaaaaaaaaaaaaaaaaaaaaaaaaaaaaaaaaaaaaaaaaaaaaaaaaaaaaaaaaaae",
                                    "77194726158210796949047323339125271902179989777093709359638389338608753093294",
                                    "0xaaaaaaaaaaaaaaaaaaaaaaaaaaaaaaaaaaaaaaaaaaaaaaaaaaaaaaaaaaaaaaae"
                                ],
                                "tooltip": "value",
                                "truncatable": true
                            },
                            {
                                "value": "0x3",
                                "values": [
                                    "0x3",
                                    "3",
                                    "0x3"
                                ],
                                "tooltip": "value",
                                "truncatable": true
                            }
                        ]
                    },
                    "status": "",
                    "childrenList": [
                        {
                            "message": {
                                "text": "sender: '{0}'; receiver: '{1}'; transferred amount: '{2}'",
                                "arguments": [
                                    {
                                        "value": "0x2712",
                                        "values": [
                                            "0x2712",
                                            "0x2712",
                                            "0x2712"
                                        ],
                                        "tooltip": "address of sender",
                                        "truncatable": true
                                    },
                                    {
                                        "value": "Cast",
                                        "values": [
                                            "Cast",
                                            "Cast",
                                            "0xf"
                                        ],
                                        "tooltip": "address of receiver",
                                        "truncatable": false
                                    },
                                    {
                                        "value": "0x0",
                                        "values": [
                                            "0x0",
                                            "0",
                                            "0x0"
                                        ],
                                        "tooltip": "transferred amount",
                                        "truncatable": true
                                    }
                                ]
                            },
                            "status": "TRANSFER",
                            "childrenList": [
                                {
                                    "message": {
                                        "text": "Load from: sender.balance ↪ '{0}'",
                                        "arguments": [
                                            {
                                                "value": "0x0",
                                                "values": [
                                                    "0x0",
                                                    "0",
                                                    "0x0"
                                                ],
                                                "tooltip": "balance",
                                                "truncatable": true
                                            }
                                        ]
                                    },
                                    "status": "",
                                    "childrenList": [
                                    ],
                                    "jumpToDefinition": null
                                },
                                {
                                    "message": {
                                        "text": "Store at: sender.balance ↪ '{0}'",
                                        "arguments": [
                                            {
                                                "value": "0x0",
                                                "values": [
                                                    "0x0",
                                                    "0",
                                                    "0x0"
                                                ],
                                                "tooltip": "balance",
                                                "truncatable": true
                                            }
                                        ]
                                    },
                                    "status": "",
                                    "childrenList": [
                                    ],
                                    "jumpToDefinition": null
                                },
                                {
                                    "message": {
                                        "text": "Load from: receiver.balance ↪ '{0}'",
                                        "arguments": [
                                            {
                                                "value": "0x0",
                                                "values": [
                                                    "0x0",
                                                    "0",
                                                    "0x0"
                                                ],
                                                "tooltip": "balance",
                                                "truncatable": true
                                            }
                                        ]
                                    },
                                    "status": "",
                                    "childrenList": [
                                    ],
                                    "jumpToDefinition": null
                                },
                                {
                                    "message": {
                                        "text": "Store at: receiver.balance ↪ '{0}'",
                                        "arguments": [
                                            {
                                                "value": "0x0",
                                                "values": [
                                                    "0x0",
                                                    "0",
                                                    "0x0"
                                                ],
                                                "tooltip": "balance",
                                                "truncatable": true
                                            }
                                        ]
                                    },
                                    "status": "",
                                    "childrenList": [
                                    ],
                                    "jumpToDefinition": null
                                }
                            ],
                            "jumpToDefinition": null
                        },
                        {
                            "message": {
                                "text": "Evaluate branch condition",
                                "arguments": [
                                ]
                            },
                            "status": "",
                            "childrenList": [
                            ],
                            "jumpToDefinition": {
                                "file": "Cast.sol",
                                "start": {
                                    "line": 3,
                                    "col": 1
                                },
                                "end": {
                                    "line": 9,
                                    "col": 2
                                }
                            }
                        },
                        {
                            "message": {
                                "text": "Evaluate branch condition",
                                "arguments": [
                                ]
                            },
                            "status": "",
                            "childrenList": [
                            ],
                            "jumpToDefinition": {
                                "file": "Cast.sol",
                                "start": {
                                    "line": 5,
                                    "col": 5
                                },
                                "end": {
                                    "line": 7,
                                    "col": 6
                                }
                            }
                        },
                        {
                            "message": {
                                "text": "Cast.f(a='{0}') ↪ '{1}'",
                                "arguments": [
                                    {
                                        "value": "0xaaaaaaaaaaaaaaaaaaaaaaaaaaaaaaaaaaaaaaaaaaaaaaaaaaaaaaaaaaaaaaae",
                                        "values": [
                                            "0xaaaaaaaaaaaaaaaaaaaaaaaaaaaaaaaaaaaaaaaaaaaaaaaaaaaaaaaaaaaaaaae",
                                            "77194726158210796949047323339125271902179989777093709359638389338608753093294",
                                            "0xaaaaaaaaaaaaaaaaaaaaaaaaaaaaaaaaaaaaaaaaaaaaaaaaaaaaaaaaaaaaaaae"
                                        ],
                                        "tooltip": "parameter",
                                        "truncatable": true
                                    },
                                    {
                                        "value": "0x3",
                                        "values": [
                                            "0x3",
                                            "3",
                                            "0x3"
                                        ],
                                        "tooltip": "return value",
                                        "truncatable": true
                                    }
                                ]
                            },
                            "status": "",
                            "childrenList": [
                            ],
                            "jumpToDefinition": {
                                "file": "Cast.sol",
                                "start": {
                                    "line": 5,
                                    "col": 5
                                },
                                "end": {
                                    "line": 7,
                                    "col": 6
                                }
                            }
                        },
                        {
                            "message": {
                                "text": "Global State",
                                "arguments": [
                                ]
                            },
                            "status": "",
                            "childrenList": [
                                {
                                    "message": {
                                        "text": "Balances",
                                        "arguments": [
                                        ]
                                    },
                                    "status": "",
                                    "childrenList": [
                                        {
                                            "message": {
                                                "text": "0x2712.balance: '{0}'",
                                                "arguments": [
                                                    {
                                                        "value": "0x0",
                                                        "values": [
                                                            "0x0",
                                                            "0",
                                                            "0x0"
                                                        ],
                                                        "tooltip": "balance",
                                                        "truncatable": true
                                                    }
                                                ]
                                            },
                                            "status": "",
                                            "childrenList": [
                                            ],
                                            "jumpToDefinition": null
                                        },
                                        {
                                            "message": {
                                                "text": "Cast.balance: '{0}'",
                                                "arguments": [
                                                    {
                                                        "value": "0x0",
                                                        "values": [
                                                            "0x0",
                                                            "0",
                                                            "0x0"
                                                        ],
                                                        "tooltip": "balance",
                                                        "truncatable": true
                                                    }
                                                ]
                                            },
                                            "status": "",
                                            "childrenList": [
                                            ],
                                            "jumpToDefinition": null
                                        }
                                    ],
                                    "jumpToDefinition": null,
                                    "storageId": 2
                                }
                            ],
                            "jumpToDefinition": null,
                            "storageId": null
                        },
                        {
                            "message": {
                                "text": "Return",
                                "arguments": [
                                ]
                            },
                            "status": "",
                            "childrenList": [
                            ],
                            "jumpToDefinition": {
                                "file": "Cast.sol",
                                "start": {
                                    "line": 5,
                                    "col": 5
                                },
                                "end": {
                                    "line": 7,
                                    "col": 6
                                }
                            }
                        }
                    ],
                    "jumpToDefinition": {
                        "file": "Cast.sol",
                        "start": {
                            "line": 5,
                            "col": 5
                        },
                        "end": {
                            "line": 7,
                            "col": 6
                        }
                    }
                }
            ],
            "jumpToDefinition": {
                "file": "Cast.spec",
                "start": {
                    "line": 27,
                    "col": 5
                },
                "end": {
                    "line": 27,
                    "col": 38
                }
            }
        },
        {
            "message": {
                "text": "a = Cast.f(e, assert_uint256(toCast * 3))",
                "arguments": [
                ]
            },
            "status": "",
            "childrenList": [
                {
                    "message": {
                        "text": "assert-cast check failed",
                        "arguments": [
                        ]
                    },
                    "status": "ASSERT CAST",
                    "childrenList": [
                        {
                            "message": {
                                "text": "toCast * 3 ↪ '{0}'",
                                "arguments": [
                                    {
                                        "value": "2^256 + 5",
                                        "values": [
                                            "2^256 + 5",
                                            "115792089237316195423570985008687907853269984665640564039457584007913129639941",
                                            "0x10000000000000000000000000000000000000000000000000000000000000005"
                                        ],
                                        "tooltip": "value of expression",
                                        "truncatable": false
                                    }
                                ]
                            },
                            "status": "",
                            "childrenList": [
                                {
                                    "message": {
                                        "text": "toCast ↪ '{0}'",
                                        "arguments": [
                                            {
                                                "value": "0x5555555555555555555555555555555555555555555555555555555555555557",
                                                "values": [
                                                    "0x5555555555555555555555555555555555555555555555555555555555555557",
                                                    "38597363079105398474523661669562635951089994888546854679819194669304376546647",
                                                    "0x5555555555555555555555555555555555555555555555555555555555555557"
                                                ],
                                                "tooltip": "value of expression",
                                                "truncatable": true
                                            }
                                        ]
                                    },
                                    "status": "",
                                    "childrenList": [
                                    ],
                                    "jumpToDefinition": {
                                        "file": "Cast.spec",
                                        "start": {
                                            "line": 28,
                                            "col": 37
                                        },
                                        "end": {
                                            "line": 28,
                                            "col": 43
                                        }
                                    }
                                },
                                {
                                    "message": {
                                        "text": "3",
                                        "arguments": [
                                        ]
                                    },
                                    "status": "",
                                    "childrenList": [
                                    ],
                                    "jumpToDefinition": {
                                        "file": "Cast.spec",
                                        "start": {
                                            "line": 28,
                                            "col": 46
                                        },
                                        "end": {
                                            "line": 28,
                                            "col": 47
                                        }
                                    }
                                }
                            ],
                            "jumpToDefinition": {
                                "file": "Cast.spec",
                                "start": {
                                    "line": 28,
                                    "col": 37
                                },
                                "end": {
                                    "line": 28,
                                    "col": 47
                                }
                            }
                        }
                    ],
                    "jumpToDefinition": {
                        "file": "Cast.spec",
                        "start": {
                            "line": 28,
                            "col": 22
                        },
                        "end": {
                            "line": 28,
                            "col": 47
                        }
                    }
                }
            ],
            "jumpToDefinition": {
                "file": "Cast.spec",
                "start": {
                    "line": 28,
                    "col": 5
                },
                "end": {
                    "line": 28,
                    "col": 50
                }
            }
        }
    ],
    "jumpToDefinition": null
}