{
    "message": {
        "text": "havoc_of_storage_path_is_recognized()",
        "arguments": [
        ]
    },
    "status": "",
    "childrenList": [
        {
            "message": {
                "text": "Global State",
                "arguments": [
                ]
            },
            "status": "",
            "childrenList": [
                {
                    "message": {
                        "text": "Storage State",
                        "arguments": [
                        ]
                    },
                    "status": "",
                    "childrenList": [
                        {
                            "message": {
                                "text": "HavocStorage",
                                "arguments": [
                                ]
                            },
                            "status": "",
                            "childrenList": [
                                {
                                    "message": {
                                        "text": "a['{0}']['{1}'].bar['{2}']: '{3}'",
                                        "arguments": [
                                            {
                                                "value": "0x28d2",
                                                "values": [
                                                    "0x28d2",
                                                    "0x28d2",
                                                    "0x28d2"
                                                ],
                                                "tooltip": "key",
                                                "truncatable": true
                                            },
                                            {
                                                "value": "0xffffffffffffffffffffffffffffffffffffffffffffffffffffffffffffe922",
                                                "values": [
                                                    "0xffffffffffffffffffffffffffffffffffffffffffffffffffffffffffffe922",
                                                    "115792089237316195423570985008687907853269984665640564039457584007913129634082",
                                                    "0xffffffffffffffffffffffffffffffffffffffffffffffffffffffffffffe922"
                                                ],
                                                "tooltip": "accessed index",
                                                "truncatable": true
                                            },
                                            {
                                                "value": "0xffffffffffffffffffffffffffffffffffffffffffffffffffffffffffffe922",
                                                "values": [
                                                    "0xffffffffffffffffffffffffffffffffffffffffffffffffffffffffffffe922",
                                                    "115792089237316195423570985008687907853269984665640564039457584007913129634082",
                                                    "0xffffffffffffffffffffffffffffffffffffffffffffffffffffffffffffe922"
                                                ],
                                                "tooltip": "accessed index",
                                                "truncatable": true
                                            },
                                            {
                                                "value": "true",
                                                "values": [
                                                    "true"
                                                ],
                                                "tooltip": "storage value",
                                                "truncatable": false
                                            }
                                        ]
                                    },
                                    "status": "HAVOC",
                                    "childrenList": [
                                    ],
                                    "jumpToDefinition": {
                                        "file": "HavocStorage.spec",
                                        "start": {
                                            "line": 8,
                                            "col": 13
                                        },
                                        "end": {
                                            "line": 8,
                                            "col": 29
                                        }
                                    },
                                    "changedSincePreviousPrint": false,
                                    "changedSinceStart": false
                                }
                            ],
                            "jumpToDefinition": null,
                            "storageId": null
                        }
                    ],
                    "jumpToDefinition": null,
                    "storageId": 1
                }
            ],
            "jumpToDefinition": null,
            "storageId": null
        },
        {
            "message": {
                "text": "rule parameters setup",
                "arguments": [
                ]
            },
            "status": "",
            "childrenList": [
            ],
            "jumpToDefinition": null
        },
        {
            "message": {
                "text": "Setup",
                "arguments": [
                ]
            },
            "status": "",
            "childrenList": [
                {
                    "message": {
                        "text": "multi contract setup",
                        "arguments": [
                        ]
                    },
                    "status": "",
                    "childrenList": [
                    ],
                    "jumpToDefinition": null
                },
                {
                    "message": {
                        "text": "contract address vars initialized",
                        "arguments": [
                        ]
                    },
                    "status": "",
                    "childrenList": [
                    ],
                    "jumpToDefinition": null
                },
                {
                    "message": {
                        "text": "setup read tracking instrumentation",
                        "arguments": [
                        ]
                    },
                    "status": "",
                    "childrenList": [
                    ],
                    "jumpToDefinition": null
                },
                {
                    "message": {
                        "text": "last storage initialize",
                        "arguments": [
                        ]
                    },
                    "status": "",
                    "childrenList": [
                    ],
                    "jumpToDefinition": null
                },
                {
                    "message": {
                        "text": "assuming contracts in scene with non-empty bytecode have EXTCODESIZE larger than zero",
                        "arguments": [
                        ]
                    },
                    "status": "",
                    "childrenList": [
                    ],
                    "jumpToDefinition": null
                },
                {
                    "message": {
                        "text": "assuming address(0).code has no code deployed",
                        "arguments": [
                        ]
                    },
                    "status": "",
                    "childrenList": [
                    ],
                    "jumpToDefinition": null
                },
                {
                    "message": {
                        "text": "assumptions about contracts' addresses",
                        "arguments": [
                        ]
                    },
                    "status": "",
                    "childrenList": [
                    ],
                    "jumpToDefinition": null
                },
                {
                    "message": {
                        "text": "assumptions about static addresses",
                        "arguments": [
                        ]
                    },
                    "status": "",
                    "childrenList": [
                    ],
                    "jumpToDefinition": null
                },
                {
                    "message": {
                        "text": "establish addresses of precompiled contracts",
                        "arguments": [
                        ]
                    },
                    "status": "",
                    "childrenList": [
                    ],
                    "jumpToDefinition": null
                },
                {
                    "message": {
                        "text": "assumptions about uniqueness of contracts' addresses",
                        "arguments": [
                        ]
                    },
                    "status": "",
                    "childrenList": [
                    ],
                    "jumpToDefinition": null
                },
                {
                    "message": {
                        "text": "static links",
                        "arguments": [
                        ]
                    },
                    "status": "",
                    "childrenList": [
                    ],
                    "jumpToDefinition": null
                },
                {
                    "message": {
                        "text": "record starting nonces",
                        "arguments": [
                        ]
                    },
                    "status": "",
                    "childrenList": [
                    ],
                    "jumpToDefinition": null
                },
                {
                    "message": {
                        "text": "cloned contracts have no balances",
                        "arguments": [
                        ]
                    },
                    "status": "",
                    "childrenList": [
                    ],
                    "jumpToDefinition": null
                },
                {
                    "message": {
                        "text": "Linked immutable setup",
                        "arguments": [
                        ]
                    },
                    "status": "",
                    "childrenList": [
                    ],
                    "jumpToDefinition": null
                },
                {
                    "message": {
                        "text": "Constrain immutables",
                        "arguments": [
                        ]
                    },
                    "status": "",
                    "childrenList": [
                    ],
                    "jumpToDefinition": null
                },
                {
                    "message": {
                        "text": "establish equivalence of extension and base contract immutables",
                        "arguments": [
                        ]
                    },
                    "status": "",
                    "childrenList": [
                    ],
                    "jumpToDefinition": null
                }
            ],
            "jumpToDefinition": null
        },
        {
            "message": {
                "text": "env e",
                "arguments": [
                ]
            },
            "status": "",
            "childrenList": [
            ],
            "jumpToDefinition": {
                "file": "HavocStorage.spec",
                "start": {
                    "line": 4,
                    "col": 5
                },
                "end": {
                    "line": 4,
                    "col": 11
                }
            }
        },
        {
            "message": {
                "text": "address k",
                "arguments": [
                ]
            },
            "status": "",
            "childrenList": [
            ],
            "jumpToDefinition": {
                "file": "HavocStorage.spec",
                "start": {
                    "line": 5,
                    "col": 5
                },
                "end": {
                    "line": 5,
                    "col": 15
                }
            }
        },
        {
            "message": {
                "text": "uint256 i",
                "arguments": [
                ]
            },
            "status": "",
            "childrenList": [
            ],
            "jumpToDefinition": {
                "file": "HavocStorage.spec",
                "start": {
                    "line": 6,
                    "col": 5
                },
                "end": {
                    "line": 6,
                    "col": 12
                }
            }
        },
        {
            "message": {
                "text": "require t.a[k][i].bar[i]",
                "arguments": [
                ]
            },
            "status": "",
            "childrenList": [
                {
                    "message": {
                        "text": "Load from HavocStorage.a['{0}']['{1}'].bar['{2}'] ↪ '{3}'",
                        "arguments": [
                            {
                                "value": "0x28d2",
                                "values": [
                                    "0x28d2",
                                    "0x28d2",
                                    "0x28d2"
                                ],
                                "tooltip": "key",
                                "truncatable": true
                            },
                            {
                                "value": "0xffffffffffffffffffffffffffffffffffffffffffffffffffffffffffffe922",
                                "values": [
                                    "0xffffffffffffffffffffffffffffffffffffffffffffffffffffffffffffe922",
                                    "115792089237316195423570985008687907853269984665640564039457584007913129634082",
                                    "0xffffffffffffffffffffffffffffffffffffffffffffffffffffffffffffe922"
                                ],
                                "tooltip": "accessed index",
                                "truncatable": true
                            },
                            {
                                "value": "0xffffffffffffffffffffffffffffffffffffffffffffffffffffffffffffe922",
                                "values": [
                                    "0xffffffffffffffffffffffffffffffffffffffffffffffffffffffffffffe922",
                                    "115792089237316195423570985008687907853269984665640564039457584007913129634082",
                                    "0xffffffffffffffffffffffffffffffffffffffffffffffffffffffffffffe922"
                                ],
                                "tooltip": "accessed index",
                                "truncatable": true
                            },
                            {
                                "value": "true",
                                "values": [
                                    "true"
                                ],
                                "tooltip": "storage value",
                                "truncatable": false
                            }
                        ]
                    },
                    "status": "",
                    "childrenList": [
                    ],
                    "jumpToDefinition": {
                        "file": "HavocStorage.spec",
                        "start": {
                            "line": 8,
                            "col": 13
                        },
                        "end": {
                            "line": 8,
                            "col": 29
                        }
                    }
                }
            ],
            "jumpToDefinition": {
                "file": "HavocStorage.spec",
                "start": {
                    "line": 8,
                    "col": 5
                },
                "end": {
                    "line": 8,
                    "col": 30
                }
            }
        },
        {
            "message": {
                "text": "value_at_i = t.a[k][i].bar[i]",
                "arguments": [
                ]
            },
            "status": "",
            "childrenList": [
                {
                    "message": {
                        "text": "Load from HavocStorage.a['{0}']['{1}'].bar['{2}'] ↪ '{3}'",
                        "arguments": [
                            {
                                "value": "0x28d2",
                                "values": [
                                    "0x28d2",
                                    "0x28d2",
                                    "0x28d2"
                                ],
                                "tooltip": "key",
                                "truncatable": true
                            },
                            {
                                "value": "0xffffffffffffffffffffffffffffffffffffffffffffffffffffffffffffe922",
                                "values": [
                                    "0xffffffffffffffffffffffffffffffffffffffffffffffffffffffffffffe922",
                                    "115792089237316195423570985008687907853269984665640564039457584007913129634082",
                                    "0xffffffffffffffffffffffffffffffffffffffffffffffffffffffffffffe922"
                                ],
                                "tooltip": "accessed index",
                                "truncatable": true
                            },
                            {
                                "value": "0xffffffffffffffffffffffffffffffffffffffffffffffffffffffffffffe922",
                                "values": [
                                    "0xffffffffffffffffffffffffffffffffffffffffffffffffffffffffffffe922",
                                    "115792089237316195423570985008687907853269984665640564039457584007913129634082",
                                    "0xffffffffffffffffffffffffffffffffffffffffffffffffffffffffffffe922"
                                ],
                                "tooltip": "accessed index",
                                "truncatable": true
                            },
                            {
                                "value": "true",
                                "values": [
                                    "true"
                                ],
                                "tooltip": "storage value",
                                "truncatable": false
                            }
                        ]
                    },
                    "status": "",
                    "childrenList": [
                    ],
                    "jumpToDefinition": {
                        "file": "HavocStorage.spec",
                        "start": {
                            "line": 9,
                            "col": 23
                        },
                        "end": {
                            "line": 9,
                            "col": 39
                        }
                    }
                }
            ],
            "jumpToDefinition": {
                "file": "HavocStorage.spec",
                "start": {
                    "line": 9,
                    "col": 5
                },
                "end": {
                    "line": 9,
                    "col": 40
                }
            }
        },
        {
            "message": {
                "text": "havoc t.a[k][i].bar[i]",
                "arguments": [
                ]
            },
            "status": "",
            "childrenList": [
                {
                    "message": {
                        "text": "Havoc of HavocStorage.a['{0}']['{1}'].bar['{2}'] ↪ '{3}'",
                        "arguments": [
                            {
                                "value": "0x28d2",
                                "values": [
                                    "0x28d2",
                                    "0x28d2",
                                    "0x28d2"
                                ],
                                "tooltip": "key",
                                "truncatable": true
                            },
                            {
                                "value": "0xffffffffffffffffffffffffffffffffffffffffffffffffffffffffffffe922",
                                "values": [
                                    "0xffffffffffffffffffffffffffffffffffffffffffffffffffffffffffffe922",
                                    "115792089237316195423570985008687907853269984665640564039457584007913129634082",
                                    "0xffffffffffffffffffffffffffffffffffffffffffffffffffffffffffffe922"
                                ],
                                "tooltip": "accessed index",
                                "truncatable": true
                            },
                            {
                                "value": "0xffffffffffffffffffffffffffffffffffffffffffffffffffffffffffffe922",
                                "values": [
                                    "0xffffffffffffffffffffffffffffffffffffffffffffffffffffffffffffe922",
                                    "115792089237316195423570985008687907853269984665640564039457584007913129634082",
                                    "0xffffffffffffffffffffffffffffffffffffffffffffffffffffffffffffe922"
                                ],
                                "tooltip": "accessed index",
                                "truncatable": true
                            },
                            {
                                "value": "false",
                                "values": [
                                    "false"
                                ],
                                "tooltip": "storage value",
                                "truncatable": false
                            }
                        ]
                    },
                    "status": "",
                    "childrenList": [
                    ],
                    "jumpToDefinition": {
                        "file": "HavocStorage.spec",
                        "start": {
                            "line": 11,
                            "col": 11
                        },
                        "end": {
                            "line": 11,
                            "col": 27
                        }
                    }
                }
            ],
            "jumpToDefinition": {
                "file": "HavocStorage.spec",
                "start": {
                    "line": 11,
                    "col": 5
                },
                "end": {
                    "line": 11,
                    "col": 28
                }
            }
        },
        {
            "message": {
                "text": "assert t.a[k][i].bar[i]",
                "arguments": [
                ]
            },
            "status": "",
            "childrenList": [
                {
                    "message": {
                        "text": "Load from HavocStorage.a['{0}']['{1}'].bar['{2}'] ↪ '{3}'",
                        "arguments": [
                            {
                                "value": "0x28d2",
                                "values": [
                                    "0x28d2",
                                    "0x28d2",
                                    "0x28d2"
                                ],
                                "tooltip": "key",
                                "truncatable": true
                            },
                            {
                                "value": "0xffffffffffffffffffffffffffffffffffffffffffffffffffffffffffffe922",
                                "values": [
                                    "0xffffffffffffffffffffffffffffffffffffffffffffffffffffffffffffe922",
                                    "115792089237316195423570985008687907853269984665640564039457584007913129634082",
                                    "0xffffffffffffffffffffffffffffffffffffffffffffffffffffffffffffe922"
                                ],
                                "tooltip": "accessed index",
                                "truncatable": true
                            },
                            {
                                "value": "0xffffffffffffffffffffffffffffffffffffffffffffffffffffffffffffe922",
                                "values": [
                                    "0xffffffffffffffffffffffffffffffffffffffffffffffffffffffffffffe922",
                                    "115792089237316195423570985008687907853269984665640564039457584007913129634082",
                                    "0xffffffffffffffffffffffffffffffffffffffffffffffffffffffffffffe922"
                                ],
                                "tooltip": "accessed index",
                                "truncatable": true
                            },
                            {
                                "value": "false",
                                "values": [
                                    "false"
                                ],
                                "tooltip": "storage value",
                                "truncatable": false
                            }
                        ]
                    },
                    "status": "",
                    "childrenList": [
                    ],
                    "jumpToDefinition": {
                        "file": "HavocStorage.spec",
                        "start": {
                            "line": 13,
                            "col": 12
                        },
                        "end": {
                            "line": 13,
                            "col": 28
                        }
                    }
                },
                {
                    "message": {
                        "text": "Global State",
                        "arguments": [
                        ]
                    },
                    "status": "",
                    "childrenList": [
                        {
                            "message": {
                                "text": "Storage State",
                                "arguments": [
                                ]
                            },
                            "status": "",
                            "childrenList": [
                                {
                                    "message": {
                                        "text": "HavocStorage",
                                        "arguments": [
                                        ]
                                    },
                                    "status": "",
                                    "childrenList": [
                                        {
                                            "message": {
                                                "text": "a['{0}']['{1}'].bar['{2}']: '{3}' (changed)",
                                                "arguments": [
                                                    {
                                                        "value": "0x28d2",
                                                        "values": [
                                                            "0x28d2",
                                                            "0x28d2",
                                                            "0x28d2"
                                                        ],
                                                        "tooltip": "key",
                                                        "truncatable": true
                                                    },
                                                    {
                                                        "value": "0xffffffffffffffffffffffffffffffffffffffffffffffffffffffffffffe922",
                                                        "values": [
                                                            "0xffffffffffffffffffffffffffffffffffffffffffffffffffffffffffffe922",
                                                            "115792089237316195423570985008687907853269984665640564039457584007913129634082",
                                                            "0xffffffffffffffffffffffffffffffffffffffffffffffffffffffffffffe922"
                                                        ],
                                                        "tooltip": "accessed index",
                                                        "truncatable": true
                                                    },
                                                    {
                                                        "value": "0xffffffffffffffffffffffffffffffffffffffffffffffffffffffffffffe922",
                                                        "values": [
                                                            "0xffffffffffffffffffffffffffffffffffffffffffffffffffffffffffffe922",
                                                            "115792089237316195423570985008687907853269984665640564039457584007913129634082",
                                                            "0xffffffffffffffffffffffffffffffffffffffffffffffffffffffffffffe922"
                                                        ],
                                                        "tooltip": "accessed index",
                                                        "truncatable": true
                                                    },
                                                    {
                                                        "value": "false",
                                                        "values": [
                                                            "false"
                                                        ],
                                                        "tooltip": "storage value",
                                                        "truncatable": false
                                                    }
                                                ]
                                            },
                                            "status": "HAVOC",
                                            "childrenList": [
                                            ],
                                            "jumpToDefinition": {
                                                "file": "HavocStorage.spec",
                                                "start": {
                                                    "line": 11,
                                                    "col": 11
                                                },
                                                "end": {
                                                    "line": 11,
                                                    "col": 27
                                                }
                                            },
                                            "changedSincePreviousPrint": true,
                                            "changedSinceStart": true
                                        }
                                    ],
                                    "jumpToDefinition": null,
                                    "storageId": null
                                }
                            ],
                            "jumpToDefinition": null,
                            "storageId": 2
                        }
                    ],
                    "jumpToDefinition": null,
                    "storageId": null
                }
            ],
            "jumpToDefinition": {
                "file": "HavocStorage.spec",
                "start": {
                    "line": 13,
                    "col": 5
                },
                "end": {
                    "line": 13,
                    "col": 84
                }
            }
        }
    ],
    "jumpToDefinition": null
}