{
    "message": {
        "text": "LenInExpression1()",
        "arguments": [
        ]
    },
    "status": "",
    "childrenList": [
        {
            "message": {
                "text": "Global State",
                "arguments": [
                ]
            },
            "status": "",
            "childrenList": [
            ],
            "jumpToDefinition": null,
            "storageId": null
        },
        {
            "message": {
                "text": "rule parameters setup",
                "arguments": [
                ]
            },
            "status": "",
            "childrenList": [
            ],
            "jumpToDefinition": null
        },
        {
            "message": {
                "text": "Setup",
                "arguments": [
                ]
            },
            "status": "",
            "childrenList": [
                {
                    "message": {
                        "text": "multi contract setup",
                        "arguments": [
                        ]
                    },
                    "status": "",
                    "childrenList": [
                    ],
                    "jumpToDefinition": null
                },
                {
                    "message": {
                        "text": "contract address vars initialized",
                        "arguments": [
                        ]
                    },
                    "status": "",
                    "childrenList": [
                    ],
                    "jumpToDefinition": null
                },
                {
                    "message": {
                        "text": "setup read tracking instrumentation",
                        "arguments": [
                        ]
                    },
                    "status": "",
                    "childrenList": [
                    ],
                    "jumpToDefinition": null
                },
                {
                    "message": {
                        "text": "last storage initialize",
                        "arguments": [
                        ]
                    },
                    "status": "",
                    "childrenList": [
                    ],
                    "jumpToDefinition": null
                },
                {
                    "message": {
                        "text": "assuming contracts in scene with non-empty bytecode have EXTCODESIZE larger than zero",
                        "arguments": [
                        ]
                    },
                    "status": "",
                    "childrenList": [
                    ],
                    "jumpToDefinition": null
                },
                {
                    "message": {
                        "text": "assuming address(0).code has no code deployed",
                        "arguments": [
                        ]
                    },
                    "status": "",
                    "childrenList": [
                    ],
                    "jumpToDefinition": null
                },
                {
                    "message": {
                        "text": "assumptions about contracts' addresses",
                        "arguments": [
                        ]
                    },
                    "status": "",
                    "childrenList": [
                    ],
                    "jumpToDefinition": null
                },
                {
                    "message": {
                        "text": "assumptions about static addresses",
                        "arguments": [
                        ]
                    },
                    "status": "",
                    "childrenList": [
                    ],
                    "jumpToDefinition": null
                },
                {
                    "message": {
                        "text": "establish addresses of precompiled contracts",
                        "arguments": [
                        ]
                    },
                    "status": "",
                    "childrenList": [
                    ],
                    "jumpToDefinition": null
                },
                {
                    "message": {
                        "text": "assumptions about uniqueness of contracts' addresses",
                        "arguments": [
                        ]
                    },
                    "status": "",
                    "childrenList": [
                    ],
                    "jumpToDefinition": null
                },
                {
                    "message": {
                        "text": "static links",
                        "arguments": [
                        ]
                    },
                    "status": "",
                    "childrenList": [
                    ],
                    "jumpToDefinition": null
                },
                {
                    "message": {
                        "text": "record starting nonces",
                        "arguments": [
                        ]
                    },
                    "status": "",
                    "childrenList": [
                    ],
                    "jumpToDefinition": null
                },
                {
                    "message": {
                        "text": "cloned contracts have no balances",
                        "arguments": [
                        ]
                    },
                    "status": "",
                    "childrenList": [
                    ],
                    "jumpToDefinition": null
                },
                {
                    "message": {
                        "text": "Linked immutable setup",
                        "arguments": [
                        ]
                    },
                    "status": "",
                    "childrenList": [
                    ],
                    "jumpToDefinition": null
                },
                {
                    "message": {
                        "text": "Constrain immutables",
                        "arguments": [
                        ]
                    },
                    "status": "",
                    "childrenList": [
                    ],
                    "jumpToDefinition": null
                },
                {
                    "message": {
                        "text": "establish equivalence of extension and base contract immutables",
                        "arguments": [
                        ]
                    },
                    "status": "",
                    "childrenList": [
                    ],
                    "jumpToDefinition": null
                }
            ],
            "jumpToDefinition": null
        },
        {
            "message": {
                "text": "uint256[] arr",
                "arguments": [
                ]
            },
            "status": "",
            "childrenList": [
            ],
            "jumpToDefinition": {
                "file": "TestArray.spec",
                "start": {
                    "line": 3,
                    "col": 5
                },
                "end": {
                    "line": 3,
                    "col": 19
                }
            }
        },
        {
            "message": {
                "text": "require arr.length * arr.length == 9",
                "arguments": [
                ]
            },
            "status": "",
            "childrenList": [
            ],
            "jumpToDefinition": {
                "file": "TestArray.spec",
                "start": {
                    "line": 6,
                    "col": 5
                },
                "end": {
                    "line": 6,
                    "col": 42
                }
            }
        },
        {
            "message": {
                "text": "assert arr.length * 2 <= 5",
                "arguments": [
                ]
            },
            "status": "",
            "childrenList": [
                {
                    "message": {
                        "text": "arr.length * 2 <= 5 ↪ '{0}'",
                        "arguments": [
                            {
                                "value": "false",
                                "values": [
                                    "false"
                                ],
                                "tooltip": "value of expression",
                                "truncatable": false
                            }
                        ]
                    },
                    "status": "",
                    "childrenList": [
                        {
                            "message": {
                                "text": "arr.length * 2 ↪ '{0}'",
                                "arguments": [
                                    {
                                        "value": "0x6",
                                        "values": [
                                            "0x6",
                                            "6",
                                            "0x6"
                                        ],
                                        "tooltip": "value of expression",
                                        "truncatable": true
                                    }
                                ]
                            },
                            "status": "",
                            "childrenList": [
                                {
                                    "message": {
                                        "text": "arr.length",
                                        "arguments": [
                                        ]
                                    },
                                    "status": "",
                                    "childrenList": [
                                    ],
                                    "jumpToDefinition": {
                                        "file": "TestArray.spec",
                                        "start": {
                                            "line": 8,
                                            "col": 12
                                        },
                                        "end": {
                                            "line": 8,
                                            "col": 22
                                        }
                                    }
                                },
                                {
                                    "message": {
                                        "text": "2",
                                        "arguments": [
                                        ]
                                    },
                                    "status": "",
                                    "childrenList": [
                                    ],
                                    "jumpToDefinition": {
                                        "file": "TestArray.spec",
                                        "start": {
                                            "line": 8,
                                            "col": 25
                                        },
                                        "end": {
                                            "line": 8,
                                            "col": 26
                                        }
                                    }
                                }
                            ],
                            "jumpToDefinition": {
                                "file": "TestArray.spec",
                                "start": {
                                    "line": 8,
                                    "col": 12
                                },
                                "end": {
                                    "line": 8,
                                    "col": 26
                                }
                            }
                        },
                        {
                            "message": {
                                "text": "5",
                                "arguments": [
                                ]
                            },
                            "status": "",
                            "childrenList": [
                            ],
                            "jumpToDefinition": {
                                "file": "TestArray.spec",
                                "start": {
                                    "line": 8,
                                    "col": 30
                                },
                                "end": {
                                    "line": 8,
                                    "col": 31
                                }
                            }
                        }
                    ],
                    "jumpToDefinition": {
                        "file": "TestArray.spec",
                        "start": {
                            "line": 8,
                            "col": 12
                        },
                        "end": {
                            "line": 8,
                            "col": 31
                        }
                    }
                },
                {
                    "message": {
                        "text": "Global State",
                        "arguments": [
                        ]
                    },
                    "status": "",
                    "childrenList": [
                    ],
                    "jumpToDefinition": null,
                    "storageId": null
                }
            ],
            "jumpToDefinition": {
                "file": "TestArray.spec",
                "start": {
                    "line": 8,
                    "col": 5
                },
                "end": {
                    "line": 8,
                    "col": 32
                }
            }
        }
    ],
    "jumpToDefinition": null
}