{
    "name": "Using general requirements",
    "status": "",
    "childrenList": [
        {
            "name": "Global State",
            "status": "",
            "childrenList": [
                {
                    "name": "Balances",
                    "status": "",
                    "childrenList": [
                        {
                            "name": "0.balance: 5",
                            "status": "",
                            "childrenList": [
                            ],
                            "jumpToDefinition": null,
                            "storageId": null
                        },
                        {
                            "name": "Bank (0x401).balance: 0x52f6",
                            "status": "",
                            "childrenList": [
                            ],
                            "jumpToDefinition": null,
                            "storageId": null
                        }
                    ],
                    "jumpToDefinition": null,
                    "storageId": 1
                }
            ],
            "jumpToDefinition": null,
            "storageId": null
        },
        {
            "name": "Setup",
            "status": "",
            "childrenList": [
                {
                    "name": "multi contract setup",
                    "status": "",
                    "childrenList": [
                    ],
                    "jumpToDefinition": null
                },
                {
                    "name": "rule parameters setup",
                    "status": "",
                    "childrenList": [
                    ],
                    "jumpToDefinition": null
                },
                {
                    "name": "contract address vars initialized",
                    "status": "",
                    "childrenList": [
                    ],
                    "jumpToDefinition": null
                },
                {
                    "name": "setup read tracking instrumentation",
                    "status": "",
                    "childrenList": [
                    ],
                    "jumpToDefinition": null
                },
                {
                    "name": "last storage initialize",
                    "status": "",
                    "childrenList": [
                    ],
                    "jumpToDefinition": null
                },
                {
                    "name": "assuming contracts in scene with non-empty bytecode have EXTCODESIZE larger than zero",
                    "status": "",
                    "childrenList": [
                    ],
                    "jumpToDefinition": null
                },
                {
                    "name": "assuming address(0).code has no code deployed",
                    "status": "",
                    "childrenList": [
                    ],
                    "jumpToDefinition": null
                },
                {
                    "name": "assumptions about contracts' addresses",
                    "status": "",
                    "childrenList": [
                    ],
                    "jumpToDefinition": null
                },
                {
                    "name": "assumptions about static addresses",
                    "status": "",
                    "childrenList": [
                    ],
                    "jumpToDefinition": null
                },
                {
                    "name": "establish addresses of precompiled contracts",
                    "status": "",
                    "childrenList": [
                    ],
                    "jumpToDefinition": null
                },
                {
                    "name": "assumptions about uniqueness of contracts' addresses",
                    "status": "",
                    "childrenList": [
                    ],
                    "jumpToDefinition": null
                },
                {
                    "name": "static links",
                    "status": "",
                    "childrenList": [
                    ],
                    "jumpToDefinition": null
                },
                {
                    "name": "record starting nonces",
                    "status": "",
                    "childrenList": [
                    ],
                    "jumpToDefinition": null
                },
                {
                    "name": "cloned contracts have no balances",
                    "status": "",
                    "childrenList": [
                    ],
                    "jumpToDefinition": null
                },
                {
                    "name": "Linked immutable setup",
                    "status": "",
                    "childrenList": [
                    ],
                    "jumpToDefinition": null
                },
                {
                    "name": "Constrain immutables",
                    "status": "",
                    "childrenList": [
                    ],
                    "jumpToDefinition": null
                }
            ],
            "jumpToDefinition": null
        },
        {
            "name": "assume invariant in pre-state",
            "status": "",
            "childrenList": [
                {
                    "name": "Bank.getfunds(account=0)",
                    "status": "",
                    "childrenList": [
                        {
                            "name": "Load from Bank.[raw storage address:] Bank (0x401): 1",
                            "status": "",
                            "childrenList": [
                            ],
                            "jumpToDefinition": null
                        },
                        {
                            "name": "Evaluating branch condition defined in Bank.sol:28 on `compiler-generate condition in function getfunds(address account) public view returns (uint256) `",
                            "status": "",
                            "childrenList": [
                            ],
                            "jumpToDefinition": {
                                "file": "Bank.sol",
                                "start": {
                                    "line": 28,
                                    "col": 2
                                },
                                "end": {
                                    "line": 30,
                                    "col": 3
                                }
                            }
                        },
                        {
                            "name": "(internal) Bank.getfunds(account=0)",
                            "status": "",
                            "childrenList": [
                                {
                                    "name": "Load from Bank.[raw storage address:] 0x2711: 0",
                                    "status": "",
                                    "childrenList": [
                                    ],
                                    "jumpToDefinition": {
                                        "file": "Bank.sol",
                                        "start": {
                                            "line": 29,
                                            "col": 10
                                        },
                                        "end": {
                                            "line": 29,
                                            "col": 24
                                        }
                                    }
                                },
                                {
                                    "name": "Global State",
                                    "status": "",
                                    "childrenList": [
                                        {
                                            "name": "Balances",
                                            "status": "",
                                            "childrenList": [
                                                {
                                                    "name": "0.balance: 5",
                                                    "status": "",
                                                    "childrenList": [
                                                    ],
                                                    "jumpToDefinition": null,
                                                    "storageId": null
                                                },
                                                {
                                                    "name": "Bank (0x401).balance: 0x52f6",
                                                    "status": "",
                                                    "childrenList": [
                                                    ],
                                                    "jumpToDefinition": null,
                                                    "storageId": null
                                                }
                                            ],
                                            "jumpToDefinition": null,
                                            "storageId": 2
                                        }
                                    ],
                                    "jumpToDefinition": null,
                                    "storageId": null
                                }
                            ],
                            "jumpToDefinition": {
                                "file": "Bank.sol",
                                "start": {
                                    "line": 28,
                                    "col": 2
                                },
                                "end": {
                                    "line": 30,
                                    "col": 3
                                }
                            },
                            "returnValue": "0",
                            "variables": [
                            ]
                        },
                        {
                            "name": "Return",
                            "status": "",
                            "childrenList": [
                            ],
                            "jumpToDefinition": {
                                "file": "Bank.sol",
                                "start": {
                                    "line": 28,
                                    "col": 2
                                },
                                "end": {
                                    "line": 30,
                                    "col": 3
                                }
                            }
                        }
                    ],
                    "jumpToDefinition": {
                        "file": "Bank.sol",
                        "start": {
                            "line": 28,
                            "col": 2
                        },
                        "end": {
                            "line": 30,
                            "col": 3
                        }
                    },
                    "returnValue": "0",
                    "variables": [
                    ]
                }
            ],
            "jumpToDefinition": null
        },
        {
            "name": "check effects of step taken by one of the functions",
            "status": "",
            "childrenList": [
                {
                    "name": "0.balance: 5",
                    "status": "",
                    "childrenList": [
                    ],
                    "jumpToDefinition": null
                },
                {
                    "name": "Bank.deposit(amount=3)",
                    "status": "",
                    "childrenList": [
                        {
                            "name": "sender: 0; receiver: Bank (0x401); transferred amount: 5",
                            "status": "TRANSFER",
                            "childrenList": [
                                {
                                    "name": "Load from sender.balance: 5",
                                    "status": "",
                                    "childrenList": [
                                    ],
                                    "jumpToDefinition": null
                                },
                                {
                                    "name": "Store at sender.balance: 0",
                                    "status": "",
                                    "childrenList": [
                                    ],
                                    "jumpToDefinition": null
                                },
                                {
                                    "name": "Load from receiver.balance: 0x52f6",
                                    "status": "",
                                    "childrenList": [
                                    ],
                                    "jumpToDefinition": null
                                },
                                {
                                    "name": "Store at receiver.balance: 0x52fb",
                                    "status": "",
                                    "childrenList": [
                                    ],
                                    "jumpToDefinition": null
                                }
                            ],
                            "jumpToDefinition": null
                        },
                        {
                            "name": "Load from Bank.[raw storage address:] Bank (0x401): 1",
                            "status": "",
                            "childrenList": [
                            ],
                            "jumpToDefinition": null
                        },
                        {
                            "name": "(internal) Bank.deposit(amount=3)",
                            "status": "",
                            "childrenList": [
                                {
                                    "name": "Load from Bank.[raw storage address:] 0x2711: 0",
                                    "status": "",
                                    "childrenList": [
                                    ],
                                    "jumpToDefinition": {
                                        "file": "Bank.sol",
                                        "start": {
                                            "line": 7,
                                            "col": 6
                                        },
                                        "end": {
                                            "line": 7,
                                            "col": 33
                                        }
                                    }
                                },
                                {
                                    "name": "Store at Bank.[raw storage address:] 0x2711: 3",
                                    "status": "",
                                    "childrenList": [
                                    ],
                                    "jumpToDefinition": {
                                        "file": "Bank.sol",
                                        "start": {
                                            "line": 7,
                                            "col": 6
                                        },
                                        "end": {
                                            "line": 7,
                                            "col": 33
                                        }
                                    }
                                },
                                {
                                    "name": "Global State",
                                    "status": "",
                                    "childrenList": [
                                        {
                                            "name": "Balances",
                                            "status": "",
                                            "childrenList": [
                                                {
                                                    "name": "0.balance: 0",
                                                    "status": "",
                                                    "childrenList": [
                                                    ],
                                                    "jumpToDefinition": null,
                                                    "storageId": null
                                                },
                                                {
                                                    "name": "Bank (0x401).balance: 0x52fb",
                                                    "status": "",
                                                    "childrenList": [
                                                    ],
                                                    "jumpToDefinition": null,
                                                    "storageId": null
                                                }
                                            ],
                                            "jumpToDefinition": null,
                                            "storageId": 3
                                        }
                                    ],
                                    "jumpToDefinition": null,
                                    "storageId": null
                                }
                            ],
                            "jumpToDefinition": {
                                "file": "Bank.sol",
                                "start": {
                                    "line": 6,
                                    "col": 5
                                },
                                "end": {
                                    "line": 8,
                                    "col": 6
                                }
                            },
                            "returnValue": "",
                            "variables": [
                            ]
                        },
                        {
                            "name": "Return",
                            "status": "",
                            "childrenList": [
                            ],
                            "jumpToDefinition": {
                                "file": "Bank.sol",
                                "start": {
                                    "line": 6,
                                    "col": 5
                                },
                                "end": {
                                    "line": 8,
                                    "col": 6
                                }
                            }
                        }
                    ],
                    "jumpToDefinition": {
                        "file": "Bank.sol",
                        "start": {
                            "line": 6,
                            "col": 5
                        },
                        "end": {
                            "line": 8,
                            "col": 6
                        }
                    },
                    "returnValue": "",
                    "variables": [
                    ]
                }
            ],
            "jumpToDefinition": null
        },
        {
            "name": "assert invariant in post-state",
            "status": "",
            "childrenList": [
                {
                    "name": "Bank.getfunds(account=0)",
                    "status": "",
                    "childrenList": [
                        {
                            "name": "Load from Bank.[raw storage address:] Bank (0x401): 1",
                            "status": "",
                            "childrenList": [
                            ],
                            "jumpToDefinition": null
                        },
                        {
                            "name": "Evaluating branch condition defined in Bank.sol:28 on `compiler-generate condition in function getfunds(address account) public view returns (uint256) `",
                            "status": "",
                            "childrenList": [
                            ],
                            "jumpToDefinition": {
                                "file": "Bank.sol",
                                "start": {
                                    "line": 28,
                                    "col": 2
                                },
                                "end": {
                                    "line": 30,
                                    "col": 3
                                }
                            }
                        },
                        {
                            "name": "(internal) Bank.getfunds(account=0)",
                            "status": "",
                            "childrenList": [
                                {
                                    "name": "Load from Bank.[raw storage address:] 0x2711: 3",
                                    "status": "",
                                    "childrenList": [
                                    ],
                                    "jumpToDefinition": {
                                        "file": "Bank.sol",
                                        "start": {
                                            "line": 29,
                                            "col": 10
                                        },
                                        "end": {
                                            "line": 29,
                                            "col": 24
                                        }
                                    }
                                },
                                {
                                    "name": "Global State",
                                    "status": "",
                                    "childrenList": [
                                        {
                                            "name": "Balances",
                                            "status": "",
                                            "childrenList": [
                                                {
                                                    "name": "0.balance: 0",
                                                    "status": "",
                                                    "childrenList": [
                                                    ],
                                                    "jumpToDefinition": null,
                                                    "storageId": null
                                                },
                                                {
                                                    "name": "Bank (0x401).balance: 0x52fb",
                                                    "status": "",
                                                    "childrenList": [
                                                    ],
                                                    "jumpToDefinition": null,
                                                    "storageId": null
                                                }
                                            ],
                                            "jumpToDefinition": null,
                                            "storageId": 4
                                        }
                                    ],
                                    "jumpToDefinition": null,
                                    "storageId": null
                                }
                            ],
                            "jumpToDefinition": {
                                "file": "Bank.sol",
                                "start": {
                                    "line": 28,
                                    "col": 2
                                },
                                "end": {
                                    "line": 30,
                                    "col": 3
                                }
                            },
                            "returnValue": "3",
                            "variables": [
                            ]
                        },
                        {
                            "name": "Return",
                            "status": "",
                            "childrenList": [
                            ],
                            "jumpToDefinition": {
                                "file": "Bank.sol",
                                "start": {
                                    "line": 28,
                                    "col": 2
                                },
                                "end": {
                                    "line": 30,
                                    "col": 3
                                }
                            }
                        }
                    ],
                    "jumpToDefinition": {
                        "file": "Bank.sol",
                        "start": {
                            "line": 28,
                            "col": 2
                        },
                        "end": {
                            "line": 30,
                            "col": 3
                        }
                    },
                    "returnValue": "3",
                    "variables": [
                    ]
                },
                {
                    "name": "Bank.getfunds(account=0) == 0",
                    "status": "",
                    "childrenList": [
                        {
                            "name": "Bank.getfunds(account=0)",
                            "status": "",
                            "childrenList": [
                            ],
                            "jumpToDefinition": {
                                "file": "Bank.spec",
                                "start": {
                                    "line": 6,
                                    "col": 13
                                },
                                "end": {
                                    "line": 6,
                                    "col": 24
                                }
                            },
                            "returnValue": "X"
                        },
                        {
                            "name": "0",
                            "status": "",
                            "childrenList": [
                            ],
                            "jumpToDefinition": {
                                "file": "Bank.spec",
                                "start": {
                                    "line": 6,
                                    "col": 28
                                },
                                "end": {
                                    "line": 6,
                                    "col": 29
                                }
                            },
                            "returnValue": ""
                        }
                    ],
                    "jumpToDefinition": {
                        "file": "Bank.spec",
                        "start": {
                            "line": 6,
                            "col": 13
                        },
                        "end": {
                            "line": 6,
                            "col": 29
                        }
                    },
                    "returnValue": "false"
                },
                {
                    "name": "Global State",
                    "status": "",
                    "childrenList": [
                        {
                            "name": "Balances",
                            "status": "",
                            "childrenList": [
                                {
                                    "name": "0.balance: 0",
                                    "status": "",
                                    "childrenList": [
                                    ],
                                    "jumpToDefinition": null,
                                    "storageId": null
                                },
                                {
                                    "name": "Bank (0x401).balance: 0x52fb",
                                    "status": "",
                                    "childrenList": [
                                    ],
                                    "jumpToDefinition": null,
                                    "storageId": null
                                }
                            ],
                            "jumpToDefinition": null,
                            "storageId": 5
                        }
                    ],
                    "jumpToDefinition": null,
                    "storageId": null
                }
            ],
            "jumpToDefinition": null
        }
    ],
    "jumpToDefinition": null,
    "returnValue": "",
    "variables": [
    ]
}