{
    "message": {
        "text": "ToSignedInt()",
        "arguments": [
        ]
    },
    "status": "",
    "childrenList": [
        {
            "message": {
                "text": "Global State",
                "arguments": [
                ]
            },
            "status": "",
            "childrenList": [
            ],
            "jumpToDefinition": null,
            "storageId": null
        },
        {
            "message": {
                "text": "rule parameters setup",
                "arguments": [
                ]
            },
            "status": "",
            "childrenList": [
            ],
            "jumpToDefinition": null
        },
        {
            "message": {
                "text": "Setup",
                "arguments": [
                ]
            },
            "status": "",
            "childrenList": [
                {
                    "message": {
                        "text": "multi contract setup",
                        "arguments": [
                        ]
                    },
                    "status": "",
                    "childrenList": [
                    ],
                    "jumpToDefinition": null
                },
                {
                    "message": {
                        "text": "contract address vars initialized",
                        "arguments": [
                        ]
                    },
                    "status": "",
                    "childrenList": [
                    ],
                    "jumpToDefinition": null
                },
                {
                    "message": {
                        "text": "setup read tracking instrumentation",
                        "arguments": [
                        ]
                    },
                    "status": "",
                    "childrenList": [
                    ],
                    "jumpToDefinition": null
                },
                {
                    "message": {
                        "text": "last storage initialize",
                        "arguments": [
                        ]
                    },
                    "status": "",
                    "childrenList": [
                    ],
                    "jumpToDefinition": null
                },
                {
                    "message": {
                        "text": "assuming contracts in scene with non-empty bytecode have EXTCODESIZE larger than zero",
                        "arguments": [
                        ]
                    },
                    "status": "",
                    "childrenList": [
                    ],
                    "jumpToDefinition": null
                },
                {
                    "message": {
                        "text": "assuming address(0).code has no code deployed",
                        "arguments": [
                        ]
                    },
                    "status": "",
                    "childrenList": [
                    ],
                    "jumpToDefinition": null
                },
                {
                    "message": {
                        "text": "assumptions about contracts' addresses",
                        "arguments": [
                        ]
                    },
                    "status": "",
                    "childrenList": [
                    ],
                    "jumpToDefinition": null
                },
                {
                    "message": {
                        "text": "assumptions about static addresses",
                        "arguments": [
                        ]
                    },
                    "status": "",
                    "childrenList": [
                    ],
                    "jumpToDefinition": null
                },
                {
                    "message": {
                        "text": "establish addresses of precompiled contracts",
                        "arguments": [
                        ]
                    },
                    "status": "",
                    "childrenList": [
                    ],
                    "jumpToDefinition": null
                },
                {
                    "message": {
                        "text": "assumptions about uniqueness of contracts' addresses",
                        "arguments": [
                        ]
                    },
                    "status": "",
                    "childrenList": [
                    ],
                    "jumpToDefinition": null
                },
                {
                    "message": {
                        "text": "static links",
                        "arguments": [
                        ]
                    },
                    "status": "",
                    "childrenList": [
                    ],
                    "jumpToDefinition": null
                },
                {
                    "message": {
                        "text": "record starting nonces",
                        "arguments": [
                        ]
                    },
                    "status": "",
                    "childrenList": [
                    ],
                    "jumpToDefinition": null
                },
                {
                    "message": {
                        "text": "cloned contracts have no balances",
                        "arguments": [
                        ]
                    },
                    "status": "",
                    "childrenList": [
                    ],
                    "jumpToDefinition": null
                },
                {
                    "message": {
                        "text": "Linked immutable setup",
                        "arguments": [
                        ]
                    },
                    "status": "",
                    "childrenList": [
                    ],
                    "jumpToDefinition": null
                },
                {
                    "message": {
                        "text": "Constrain immutables",
                        "arguments": [
                        ]
                    },
                    "status": "",
                    "childrenList": [
                    ],
                    "jumpToDefinition": null
                },
                {
                    "message": {
                        "text": "establish equivalence of extension and base contract immutables",
                        "arguments": [
                        ]
                    },
                    "status": "",
                    "childrenList": [
                    ],
                    "jumpToDefinition": null
                }
            ],
            "jumpToDefinition": null
        },
        {
            "message": {
                "text": "uint256 toCast",
                "arguments": [
                ]
            },
            "status": "",
            "childrenList": [
            ],
            "jumpToDefinition": {
                "file": "Cast.spec",
                "start": {
                    "line": 19,
                    "col": 5
                },
                "end": {
                    "line": 19,
                    "col": 20
                }
            }
        },
        {
            "message": {
                "text": "assert assert_int256(toCast) >= 0",
                "arguments": [
                ]
            },
            "status": "",
            "childrenList": [
                {
                    "message": {
                        "text": "assert-cast check failed",
                        "arguments": [
                        ]
                    },
                    "status": "ASSERT CAST",
                    "childrenList": [
                        {
                            "message": {
                                "text": "toCast â†ª '{0}'",
                                "arguments": [
                                    {
                                        "value": "0xdfffffffffffffffffffffffffffffffffffffffffffffffffffffffffffffff",
                                        "values": [
                                            "0xdfffffffffffffffffffffffffffffffffffffffffffffffffffffffffffffff",
                                            "101318078082651670995624611882601919371611236582435493534525386006923988434943",
                                            "0xdfffffffffffffffffffffffffffffffffffffffffffffffffffffffffffffff"
                                        ],
                                        "tooltip": "value of expression",
                                        "truncatable": true
                                    }
                                ]
                            },
                            "status": "",
                            "childrenList": [
                            ],
                            "jumpToDefinition": {
                                "file": "Cast.spec",
                                "start": {
                                    "line": 20,
                                    "col": 26
                                },
                                "end": {
                                    "line": 20,
                                    "col": 32
                                }
                            }
                        }
                    ],
                    "jumpToDefinition": {
                        "file": "Cast.spec",
                        "start": {
                            "line": 20,
                            "col": 12
                        },
                        "end": {
                            "line": 20,
                            "col": 32
                        }
                    }
                }
            ],
            "jumpToDefinition": {
                "file": "Cast.spec",
                "start": {
                    "line": 20,
                    "col": 5
                },
                "end": {
                    "line": 20,
                    "col": 39
                }
            }
        }
    ],
    "jumpToDefinition": null
}