{
    "message": {
        "text": "CheckUint25StaticArray()",
        "arguments": [
        ]
    },
    "status": "",
    "childrenList": [
        {
            "message": {
                "text": "Global State",
                "arguments": [
                ]
            },
            "status": "",
            "childrenList": [
                {
                    "message": {
                        "text": "Balances",
                        "arguments": [
                        ]
                    },
                    "status": "",
                    "childrenList": [
                        {
                            "message": {
                                "text": "0x401.balance: '{0}'",
                                "arguments": [
                                    {
                                        "value": "0x0",
                                        "values": [
                                            "0x0",
                                            "0",
                                            "0x0"
                                        ],
                                        "tooltip": "balance",
                                        "truncatable": true
                                    }
                                ]
                            },
                            "status": "",
                            "childrenList": [
                            ],
                            "jumpToDefinition": null
                        },
                        {
                            "message": {
                                "text": "TestArray.balance: '{0}'",
                                "arguments": [
                                    {
                                        "value": "0x0",
                                        "values": [
                                            "0x0",
                                            "0",
                                            "0x0"
                                        ],
                                        "tooltip": "balance",
                                        "truncatable": true
                                    }
                                ]
                            },
                            "status": "",
                            "childrenList": [
                            ],
                            "jumpToDefinition": null
                        }
                    ],
                    "jumpToDefinition": null,
                    "storageId": 1
                }
            ],
            "jumpToDefinition": null,
            "storageId": null
        },
        {
            "message": {
                "text": "rule parameters setup",
                "arguments": [
                ]
            },
            "status": "",
            "childrenList": [
            ],
            "jumpToDefinition": null
        },
        {
            "message": {
                "text": "Setup",
                "arguments": [
                ]
            },
            "status": "",
            "childrenList": [
                {
                    "message": {
                        "text": "multi contract setup",
                        "arguments": [
                        ]
                    },
                    "status": "",
                    "childrenList": [
                    ],
                    "jumpToDefinition": null
                },
                {
                    "message": {
                        "text": "contract address vars initialized",
                        "arguments": [
                        ]
                    },
                    "status": "",
                    "childrenList": [
                    ],
                    "jumpToDefinition": null
                },
                {
                    "message": {
                        "text": "setup read tracking instrumentation",
                        "arguments": [
                        ]
                    },
                    "status": "",
                    "childrenList": [
                    ],
                    "jumpToDefinition": null
                },
                {
                    "message": {
                        "text": "last storage initialize",
                        "arguments": [
                        ]
                    },
                    "status": "",
                    "childrenList": [
                    ],
                    "jumpToDefinition": null
                },
                {
                    "message": {
                        "text": "assuming contracts in scene with non-empty bytecode have EXTCODESIZE larger than zero",
                        "arguments": [
                        ]
                    },
                    "status": "",
                    "childrenList": [
                    ],
                    "jumpToDefinition": null
                },
                {
                    "message": {
                        "text": "assuming address(0).code has no code deployed",
                        "arguments": [
                        ]
                    },
                    "status": "",
                    "childrenList": [
                    ],
                    "jumpToDefinition": null
                },
                {
                    "message": {
                        "text": "assumptions about contracts' addresses",
                        "arguments": [
                        ]
                    },
                    "status": "",
                    "childrenList": [
                    ],
                    "jumpToDefinition": null
                },
                {
                    "message": {
                        "text": "assumptions about static addresses",
                        "arguments": [
                        ]
                    },
                    "status": "",
                    "childrenList": [
                    ],
                    "jumpToDefinition": null
                },
                {
                    "message": {
                        "text": "establish addresses of precompiled contracts",
                        "arguments": [
                        ]
                    },
                    "status": "",
                    "childrenList": [
                    ],
                    "jumpToDefinition": null
                },
                {
                    "message": {
                        "text": "assumptions about uniqueness of contracts' addresses",
                        "arguments": [
                        ]
                    },
                    "status": "",
                    "childrenList": [
                    ],
                    "jumpToDefinition": null
                },
                {
                    "message": {
                        "text": "static links",
                        "arguments": [
                        ]
                    },
                    "status": "",
                    "childrenList": [
                    ],
                    "jumpToDefinition": null
                },
                {
                    "message": {
                        "text": "record starting nonces",
                        "arguments": [
                        ]
                    },
                    "status": "",
                    "childrenList": [
                    ],
                    "jumpToDefinition": null
                },
                {
                    "message": {
                        "text": "cloned contracts have no balances",
                        "arguments": [
                        ]
                    },
                    "status": "",
                    "childrenList": [
                    ],
                    "jumpToDefinition": null
                },
                {
                    "message": {
                        "text": "Linked immutable setup",
                        "arguments": [
                        ]
                    },
                    "status": "",
                    "childrenList": [
                    ],
                    "jumpToDefinition": null
                },
                {
                    "message": {
                        "text": "Constrain immutables",
                        "arguments": [
                        ]
                    },
                    "status": "",
                    "childrenList": [
                    ],
                    "jumpToDefinition": null
                },
                {
                    "message": {
                        "text": "establish equivalence of extension and base contract immutables",
                        "arguments": [
                        ]
                    },
                    "status": "",
                    "childrenList": [
                    ],
                    "jumpToDefinition": null
                }
            ],
            "jumpToDefinition": null
        },
        {
            "message": {
                "text": "uint256[3] arr",
                "arguments": [
                ]
            },
            "status": "",
            "childrenList": [
            ],
            "jumpToDefinition": {
                "file": "TestArray.spec",
                "start": {
                    "line": 13,
                    "col": 5
                },
                "end": {
                    "line": 13,
                    "col": 20
                }
            }
        },
        {
            "message": {
                "text": "env e",
                "arguments": [
                ]
            },
            "status": "",
            "childrenList": [
            ],
            "jumpToDefinition": {
                "file": "TestArray.spec",
                "start": {
                    "line": 14,
                    "col": 5
                },
                "end": {
                    "line": 14,
                    "col": 11
                }
            }
        },
        {
            "message": {
                "text": "extSum = TestArray.uint256StaticArray(e, arr)",
                "arguments": [
                ]
            },
            "status": "",
            "childrenList": [
                {
                    "message": {
                        "text": "TestArray.uint256StaticArray(arr=[0='{0}', 1='{1}', 2='{2}']) ↪ '{3}'",
                        "arguments": [
                            {
                                "value": "0xaf",
                                "values": [
                                    "0xaf",
                                    "175",
                                    "0xaf"
                                ],
                                "tooltip": "value",
                                "truncatable": true
                            },
                            {
                                "value": "0xfffffffffffffffffffffffffffffffffffffffffffffffffffffffffffff87e",
                                "values": [
                                    "0xfffffffffffffffffffffffffffffffffffffffffffffffffffffffffffff87e",
                                    "115792089237316195423570985008687907853269984665640564039457584007913129638014",
                                    "0xfffffffffffffffffffffffffffffffffffffffffffffffffffffffffffff87e"
                                ],
                                "tooltip": "value",
                                "truncatable": true
                            },
                            {
                                "value": "0x6d2",
                                "values": [
                                    "0x6d2",
                                    "1746",
                                    "0x6d2"
                                ],
                                "tooltip": "value",
                                "truncatable": true
                            },
                            {
                                "value": "MAX_UINT256",
                                "values": [
                                    "MAX_UINT256",
                                    "115792089237316195423570985008687907853269984665640564039457584007913129639935",
                                    "0xffffffffffffffffffffffffffffffffffffffffffffffffffffffffffffffff"
                                ],
                                "tooltip": "value",
                                "truncatable": false
                            }
                        ]
                    },
                    "status": "",
                    "childrenList": [
                        {
                            "message": {
                                "text": "sender: '{0}'; receiver: '{1}'; transferred amount: '{2}'",
                                "arguments": [
                                    {
                                        "value": "0x401",
                                        "values": [
                                            "0x401",
                                            "0x401",
                                            "0x401"
                                        ],
                                        "tooltip": "address of sender",
                                        "truncatable": true
                                    },
                                    {
                                        "value": "TestArray",
                                        "values": [
                                            "TestArray",
                                            "TestArray",
                                            "0xf"
                                        ],
                                        "tooltip": "address of receiver",
                                        "truncatable": false
                                    },
                                    {
                                        "value": "0x0",
                                        "values": [
                                            "0x0",
                                            "0",
                                            "0x0"
                                        ],
                                        "tooltip": "transferred amount",
                                        "truncatable": true
                                    }
                                ]
                            },
                            "status": "TRANSFER",
                            "childrenList": [
                                {
                                    "message": {
                                        "text": "Load from: sender.balance ↪ '{0}'",
                                        "arguments": [
                                            {
                                                "value": "0x0",
                                                "values": [
                                                    "0x0",
                                                    "0",
                                                    "0x0"
                                                ],
                                                "tooltip": "balance",
                                                "truncatable": true
                                            }
                                        ]
                                    },
                                    "status": "",
                                    "childrenList": [
                                    ],
                                    "jumpToDefinition": null
                                },
                                {
                                    "message": {
                                        "text": "Store at: sender.balance ↪ '{0}'",
                                        "arguments": [
                                            {
                                                "value": "0x0",
                                                "values": [
                                                    "0x0",
                                                    "0",
                                                    "0x0"
                                                ],
                                                "tooltip": "balance",
                                                "truncatable": true
                                            }
                                        ]
                                    },
                                    "status": "",
                                    "childrenList": [
                                    ],
                                    "jumpToDefinition": null
                                },
                                {
                                    "message": {
                                        "text": "Load from: receiver.balance ↪ '{0}'",
                                        "arguments": [
                                            {
                                                "value": "0x0",
                                                "values": [
                                                    "0x0",
                                                    "0",
                                                    "0x0"
                                                ],
                                                "tooltip": "balance",
                                                "truncatable": true
                                            }
                                        ]
                                    },
                                    "status": "",
                                    "childrenList": [
                                    ],
                                    "jumpToDefinition": null
                                },
                                {
                                    "message": {
                                        "text": "Store at: receiver.balance ↪ '{0}'",
                                        "arguments": [
                                            {
                                                "value": "0x0",
                                                "values": [
                                                    "0x0",
                                                    "0",
                                                    "0x0"
                                                ],
                                                "tooltip": "balance",
                                                "truncatable": true
                                            }
                                        ]
                                    },
                                    "status": "",
                                    "childrenList": [
                                    ],
                                    "jumpToDefinition": null
                                }
                            ],
                            "jumpToDefinition": null
                        },
                        {
                            "message": {
                                "text": "Evaluate branch condition",
                                "arguments": [
                                ]
                            },
                            "status": "",
                            "childrenList": [
                            ],
                            "jumpToDefinition": {
                                "file": "TestArray.sol",
                                "start": {
                                    "line": 4,
                                    "col": 1
                                },
                                "end": {
                                    "line": 12,
                                    "col": 2
                                }
                            }
                        },
                        {
                            "message": {
                                "text": "Evaluate branch condition",
                                "arguments": [
                                ]
                            },
                            "status": "",
                            "childrenList": [
                            ],
                            "jumpToDefinition": {
                                "file": "TestArray.sol",
                                "start": {
                                    "line": 9,
                                    "col": 5
                                },
                                "end": {
                                    "line": 11,
                                    "col": 6
                                }
                            }
                        },
                        {
                            "message": {
                                "text": "Evaluate branch condition",
                                "arguments": [
                                ]
                            },
                            "status": "",
                            "childrenList": [
                            ],
                            "jumpToDefinition": {
                                "file": "TestArray.sol",
                                "start": {
                                    "line": 10,
                                    "col": 16
                                },
                                "end": {
                                    "line": 10,
                                    "col": 31
                                }
                            }
                        },
                        {
                            "message": {
                                "text": "Evaluate branch condition",
                                "arguments": [
                                ]
                            },
                            "status": "",
                            "childrenList": [
                            ],
                            "jumpToDefinition": {
                                "file": "TestArray.sol",
                                "start": {
                                    "line": 10,
                                    "col": 16
                                },
                                "end": {
                                    "line": 10,
                                    "col": 40
                                }
                            }
                        },
                        {
                            "message": {
                                "text": "Return",
                                "arguments": [
                                ]
                            },
                            "status": "",
                            "childrenList": [
                            ],
                            "jumpToDefinition": {
                                "file": "TestArray.sol",
                                "start": {
                                    "line": 9,
                                    "col": 5
                                },
                                "end": {
                                    "line": 11,
                                    "col": 6
                                }
                            }
                        }
                    ],
                    "jumpToDefinition": {
                        "file": "TestArray.sol",
                        "start": {
                            "line": 9,
                            "col": 5
                        },
                        "end": {
                            "line": 11,
                            "col": 6
                        }
                    }
                }
            ],
            "jumpToDefinition": {
                "file": "TestArray.spec",
                "start": {
                    "line": 15,
                    "col": 5
                },
                "end": {
                    "line": 15,
                    "col": 49
                }
            }
        },
        {
            "message": {
                "text": "cvlSum = arr[0] + arr[1] + arr[2]",
                "arguments": [
                ]
            },
            "status": "",
            "childrenList": [
            ],
            "jumpToDefinition": {
                "file": "TestArray.spec",
                "start": {
                    "line": 16,
                    "col": 5
                },
                "end": {
                    "line": 16,
                    "col": 47
                }
            }
        },
        {
            "message": {
                "text": "satisfy extSum == cvlSum",
                "arguments": [
                ]
            },
            "status": "",
            "childrenList": [
                {
                    "message": {
                        "text": "extSum == cvlSum ↪ '{0}'",
                        "arguments": [
                            {
                                "value": "true",
                                "values": [
                                    "true"
                                ],
                                "tooltip": "value of expression",
                                "truncatable": false
                            }
                        ]
                    },
                    "status": "",
                    "childrenList": [
                        {
                            "message": {
                                "text": "extSum ↪ '{0}'",
                                "arguments": [
                                    {
                                        "value": "2^256 - 1",
                                        "values": [
                                            "2^256 - 1",
                                            "115792089237316195423570985008687907853269984665640564039457584007913129639935",
                                            "0xffffffffffffffffffffffffffffffffffffffffffffffffffffffffffffffff"
                                        ],
                                        "tooltip": "value of expression",
                                        "truncatable": false
                                    }
                                ]
                            },
                            "status": "",
                            "childrenList": [
                            ],
                            "jumpToDefinition": {
                                "file": "TestArray.spec",
                                "start": {
                                    "line": 17,
                                    "col": 13
                                },
                                "end": {
                                    "line": 17,
                                    "col": 19
                                }
                            }
                        },
                        {
                            "message": {
                                "text": "cvlSum ↪ '{0}'",
                                "arguments": [
                                    {
                                        "value": "2^256 - 1",
                                        "values": [
                                            "2^256 - 1",
                                            "115792089237316195423570985008687907853269984665640564039457584007913129639935",
                                            "0xffffffffffffffffffffffffffffffffffffffffffffffffffffffffffffffff"
                                        ],
                                        "tooltip": "value of expression",
                                        "truncatable": false
                                    }
                                ]
                            },
                            "status": "",
                            "childrenList": [
                            ],
                            "jumpToDefinition": {
                                "file": "TestArray.spec",
                                "start": {
                                    "line": 17,
                                    "col": 23
                                },
                                "end": {
                                    "line": 17,
                                    "col": 29
                                }
                            }
                        }
                    ],
                    "jumpToDefinition": {
                        "file": "TestArray.spec",
                        "start": {
                            "line": 17,
                            "col": 13
                        },
                        "end": {
                            "line": 17,
                            "col": 29
                        }
                    }
                },
                {
                    "message": {
                        "text": "Global State",
                        "arguments": [
                        ]
                    },
                    "status": "",
                    "childrenList": [
                        {
                            "message": {
                                "text": "Balances",
                                "arguments": [
                                ]
                            },
                            "status": "",
                            "childrenList": [
                                {
                                    "message": {
                                        "text": "0x401.balance: '{0}'",
                                        "arguments": [
                                            {
                                                "value": "0x0",
                                                "values": [
                                                    "0x0",
                                                    "0",
                                                    "0x0"
                                                ],
                                                "tooltip": "balance",
                                                "truncatable": true
                                            }
                                        ]
                                    },
                                    "status": "",
                                    "childrenList": [
                                    ],
                                    "jumpToDefinition": null
                                },
                                {
                                    "message": {
                                        "text": "TestArray.balance: '{0}'",
                                        "arguments": [
                                            {
                                                "value": "0x0",
                                                "values": [
                                                    "0x0",
                                                    "0",
                                                    "0x0"
                                                ],
                                                "tooltip": "balance",
                                                "truncatable": true
                                            }
                                        ]
                                    },
                                    "status": "",
                                    "childrenList": [
                                    ],
                                    "jumpToDefinition": null
                                }
                            ],
                            "jumpToDefinition": null,
                            "storageId": 2
                        }
                    ],
                    "jumpToDefinition": null,
                    "storageId": null
                }
            ],
            "jumpToDefinition": {
                "file": "TestArray.spec",
                "start": {
                    "line": 17,
                    "col": 5
                },
                "end": {
                    "line": 17,
                    "col": 30
                }
            }
        }
    ],
    "jumpToDefinition": null
}