{
    "message": {
        "text": "returnValues()",
        "arguments": [
        ]
    },
    "status": "",
    "childrenList": [
        {
            "message": {
                "text": "Global State",
                "arguments": [
                ]
            },
            "status": "",
            "childrenList": [
            ],
            "jumpToDefinition": null,
            "storageId": null
        },
        {
            "message": {
                "text": "rule parameters setup",
                "arguments": [
                ]
            },
            "status": "",
            "childrenList": [
            ],
            "jumpToDefinition": null
        },
        {
            "message": {
                "text": "Setup",
                "arguments": [
                ]
            },
            "status": "",
            "childrenList": [
                {
                    "message": {
                        "text": "multi contract setup",
                        "arguments": [
                        ]
                    },
                    "status": "",
                    "childrenList": [
                    ],
                    "jumpToDefinition": null
                },
                {
                    "message": {
                        "text": "contract address vars initialized",
                        "arguments": [
                        ]
                    },
                    "status": "",
                    "childrenList": [
                    ],
                    "jumpToDefinition": null
                },
                {
                    "message": {
                        "text": "setup read tracking instrumentation",
                        "arguments": [
                        ]
                    },
                    "status": "",
                    "childrenList": [
                    ],
                    "jumpToDefinition": null
                },
                {
                    "message": {
                        "text": "last storage initialize",
                        "arguments": [
                        ]
                    },
                    "status": "",
                    "childrenList": [
                    ],
                    "jumpToDefinition": null
                },
                {
                    "message": {
                        "text": "assuming contracts in scene with non-empty bytecode have EXTCODESIZE larger than zero",
                        "arguments": [
                        ]
                    },
                    "status": "",
                    "childrenList": [
                    ],
                    "jumpToDefinition": null
                },
                {
                    "message": {
                        "text": "assuming address(0).code has no code deployed",
                        "arguments": [
                        ]
                    },
                    "status": "",
                    "childrenList": [
                    ],
                    "jumpToDefinition": null
                },
                {
                    "message": {
                        "text": "assumptions about contracts' addresses",
                        "arguments": [
                        ]
                    },
                    "status": "",
                    "childrenList": [
                    ],
                    "jumpToDefinition": null
                },
                {
                    "message": {
                        "text": "assumptions about static addresses",
                        "arguments": [
                        ]
                    },
                    "status": "",
                    "childrenList": [
                    ],
                    "jumpToDefinition": null
                },
                {
                    "message": {
                        "text": "establish addresses of precompiled contracts",
                        "arguments": [
                        ]
                    },
                    "status": "",
                    "childrenList": [
                    ],
                    "jumpToDefinition": null
                },
                {
                    "message": {
                        "text": "assumptions about uniqueness of contracts' addresses",
                        "arguments": [
                        ]
                    },
                    "status": "",
                    "childrenList": [
                    ],
                    "jumpToDefinition": null
                },
                {
                    "message": {
                        "text": "static links",
                        "arguments": [
                        ]
                    },
                    "status": "",
                    "childrenList": [
                    ],
                    "jumpToDefinition": null
                },
                {
                    "message": {
                        "text": "record starting nonces",
                        "arguments": [
                        ]
                    },
                    "status": "",
                    "childrenList": [
                    ],
                    "jumpToDefinition": null
                },
                {
                    "message": {
                        "text": "cloned contracts have no balances",
                        "arguments": [
                        ]
                    },
                    "status": "",
                    "childrenList": [
                    ],
                    "jumpToDefinition": null
                },
                {
                    "message": {
                        "text": "Linked immutable setup",
                        "arguments": [
                        ]
                    },
                    "status": "",
                    "childrenList": [
                    ],
                    "jumpToDefinition": null
                },
                {
                    "message": {
                        "text": "Constrain immutables",
                        "arguments": [
                        ]
                    },
                    "status": "",
                    "childrenList": [
                    ],
                    "jumpToDefinition": null
                },
                {
                    "message": {
                        "text": "establish equivalence of extension and base contract immutables",
                        "arguments": [
                        ]
                    },
                    "status": "",
                    "childrenList": [
                    ],
                    "jumpToDefinition": null
                }
            ],
            "jumpToDefinition": null
        },
        {
            "message": {
                "text": "_ = math(x, 9)",
                "arguments": [
                ]
            },
            "status": "",
            "childrenList": [
                {
                    "message": {
                        "text": "math(x='{0}', y='{1}') â†ª '{2}'",
                        "arguments": [
                            {
                                "value": "0x3",
                                "values": [
                                    "0x3",
                                    "3",
                                    "0x3"
                                ],
                                "tooltip": "1st parameter",
                                "truncatable": true
                            },
                            {
                                "value": "0x9",
                                "values": [
                                    "0x9",
                                    "9",
                                    "0x9"
                                ],
                                "tooltip": "2nd parameter",
                                "truncatable": true
                            },
                            {
                                "value": "0x6",
                                "values": [
                                    "0x6",
                                    "6",
                                    "0x6"
                                ],
                                "tooltip": "return value",
                                "truncatable": true
                            }
                        ]
                    },
                    "status": "",
                    "childrenList": [
                        {
                            "message": {
                                "text": "uint256 z",
                                "arguments": [
                                ]
                            },
                            "status": "",
                            "childrenList": [
                            ],
                            "jumpToDefinition": {
                                "file": "test.spec",
                                "start": {
                                    "line": 2,
                                    "col": 5
                                },
                                "end": {
                                    "line": 2,
                                    "col": 12
                                }
                            }
                        },
                        {
                            "message": {
                                "text": "require x * z != 0",
                                "arguments": [
                                ]
                            },
                            "status": "",
                            "childrenList": [
                            ],
                            "jumpToDefinition": {
                                "file": "test.spec",
                                "start": {
                                    "line": 3,
                                    "col": 5
                                },
                                "end": {
                                    "line": 3,
                                    "col": 24
                                }
                            }
                        },
                        {
                            "message": {
                                "text": "assertNot z == 0",
                                "arguments": [
                                ]
                            },
                            "status": "",
                            "childrenList": [
                                {
                                    "message": {
                                        "text": "z == 0 â†ª '{0}'",
                                        "arguments": [
                                            {
                                                "value": "false",
                                                "values": [
                                                    "false"
                                                ],
                                                "tooltip": "value of expression",
                                                "truncatable": false
                                            }
                                        ]
                                    },
                                    "status": "",
                                    "childrenList": [
                                        {
                                            "message": {
                                                "text": "z â†ª '{0}'",
                                                "arguments": [
                                                    {
                                                        "value": "0x5",
                                                        "values": [
                                                            "0x5",
                                                            "5",
                                                            "0x5"
                                                        ],
                                                        "tooltip": "value of expression",
                                                        "truncatable": true
                                                    }
                                                ]
                                            },
                                            "status": "",
                                            "childrenList": [
                                            ],
                                            "jumpToDefinition": {
                                                "file": "test.spec",
                                                "start": {
                                                    "line": 4,
                                                    "col": 20
                                                },
                                                "end": {
                                                    "line": 4,
                                                    "col": 21
                                                }
                                            }
                                        },
                                        {
                                            "message": {
                                                "text": "0",
                                                "arguments": [
                                                ]
                                            },
                                            "status": "",
                                            "childrenList": [
                                            ],
                                            "jumpToDefinition": {
                                                "file": "test.spec",
                                                "start": {
                                                    "line": 4,
                                                    "col": 20
                                                },
                                                "end": {
                                                    "line": 4,
                                                    "col": 21
                                                }
                                            }
                                        }
                                    ],
                                    "jumpToDefinition": {
                                        "file": "test.spec",
                                        "start": {
                                            "line": 4,
                                            "col": 20
                                        },
                                        "end": {
                                            "line": 4,
                                            "col": 21
                                        }
                                    }
                                }
                            ],
                            "jumpToDefinition": {
                                "file": "test.spec",
                                "start": {
                                    "line": 4,
                                    "col": 20
                                },
                                "end": {
                                    "line": 4,
                                    "col": 21
                                }
                            }
                        },
                        {
                            "message": {
                                "text": "return x + y / z * x",
                                "arguments": [
                                ]
                            },
                            "status": "",
                            "childrenList": [
                                {
                                    "message": {
                                        "text": "x + y / z * x â†ª '{0}'",
                                        "arguments": [
                                            {
                                                "value": "0x6",
                                                "values": [
                                                    "0x6",
                                                    "6",
                                                    "0x6"
                                                ],
                                                "tooltip": "value of expression",
                                                "truncatable": true
                                            }
                                        ]
                                    },
                                    "status": "",
                                    "childrenList": [
                                        {
                                            "message": {
                                                "text": "x â†ª '{0}'",
                                                "arguments": [
                                                    {
                                                        "value": "0x3",
                                                        "values": [
                                                            "0x3",
                                                            "3",
                                                            "0x3"
                                                        ],
                                                        "tooltip": "value of expression",
                                                        "truncatable": true
                                                    }
                                                ]
                                            },
                                            "status": "",
                                            "childrenList": [
                                            ],
                                            "jumpToDefinition": {
                                                "file": "test.spec",
                                                "start": {
                                                    "line": 4,
                                                    "col": 12
                                                },
                                                "end": {
                                                    "line": 4,
                                                    "col": 13
                                                }
                                            }
                                        },
                                        {
                                            "message": {
                                                "text": "y / z * x â†ª '{0}'",
                                                "arguments": [
                                                    {
                                                        "value": "0x3",
                                                        "values": [
                                                            "0x3",
                                                            "3",
                                                            "0x3"
                                                        ],
                                                        "tooltip": "value of expression",
                                                        "truncatable": true
                                                    }
                                                ]
                                            },
                                            "status": "",
                                            "childrenList": [
                                                {
                                                    "message": {
                                                        "text": "y / z â†ª '{0}'",
                                                        "arguments": [
                                                            {
                                                                "value": "0x1",
                                                                "values": [
                                                                    "0x1",
                                                                    "1",
                                                                    "0x1"
                                                                ],
                                                                "tooltip": "value of expression",
                                                                "truncatable": true
                                                            }
                                                        ]
                                                    },
                                                    "status": "",
                                                    "childrenList": [
                                                        {
                                                            "message": {
                                                                "text": "y â†ª '{0}'",
                                                                "arguments": [
                                                                    {
                                                                        "value": "0x9",
                                                                        "values": [
                                                                            "0x9",
                                                                            "9",
                                                                            "0x9"
                                                                        ],
                                                                        "tooltip": "value of expression",
                                                                        "truncatable": true
                                                                    }
                                                                ]
                                                            },
                                                            "status": "",
                                                            "childrenList": [
                                                            ],
                                                            "jumpToDefinition": {
                                                                "file": "test.spec",
                                                                "start": {
                                                                    "line": 4,
                                                                    "col": 16
                                                                },
                                                                "end": {
                                                                    "line": 4,
                                                                    "col": 17
                                                                }
                                                            }
                                                        },
                                                        {
                                                            "message": {
                                                                "text": "z â†ª '{0}'",
                                                                "arguments": [
                                                                    {
                                                                        "value": "0x5",
                                                                        "values": [
                                                                            "0x5",
                                                                            "5",
                                                                            "0x5"
                                                                        ],
                                                                        "tooltip": "value of expression",
                                                                        "truncatable": true
                                                                    }
                                                                ]
                                                            },
                                                            "status": "",
                                                            "childrenList": [
                                                            ],
                                                            "jumpToDefinition": {
                                                                "file": "test.spec",
                                                                "start": {
                                                                    "line": 4,
                                                                    "col": 20
                                                                },
                                                                "end": {
                                                                    "line": 4,
                                                                    "col": 21
                                                                }
                                                            }
                                                        }
                                                    ],
                                                    "jumpToDefinition": {
                                                        "file": "test.spec",
                                                        "start": {
                                                            "line": 4,
                                                            "col": 16
                                                        },
                                                        "end": {
                                                            "line": 4,
                                                            "col": 21
                                                        }
                                                    }
                                                },
                                                {
                                                    "message": {
                                                        "text": "x â†ª '{0}'",
                                                        "arguments": [
                                                            {
                                                                "value": "0x3",
                                                                "values": [
                                                                    "0x3",
                                                                    "3",
                                                                    "0x3"
                                                                ],
                                                                "tooltip": "value of expression",
                                                                "truncatable": true
                                                            }
                                                        ]
                                                    },
                                                    "status": "",
                                                    "childrenList": [
                                                    ],
                                                    "jumpToDefinition": {
                                                        "file": "test.spec",
                                                        "start": {
                                                            "line": 4,
                                                            "col": 24
                                                        },
                                                        "end": {
                                                            "line": 4,
                                                            "col": 25
                                                        }
                                                    }
                                                }
                                            ],
                                            "jumpToDefinition": {
                                                "file": "test.spec",
                                                "start": {
                                                    "line": 4,
                                                    "col": 16
                                                },
                                                "end": {
                                                    "line": 4,
                                                    "col": 25
                                                }
                                            }
                                        }
                                    ],
                                    "jumpToDefinition": {
                                        "file": "test.spec",
                                        "start": {
                                            "line": 4,
                                            "col": 12
                                        },
                                        "end": {
                                            "line": 4,
                                            "col": 25
                                        }
                                    }
                                }
                            ],
                            "jumpToDefinition": {
                                "file": "test.spec",
                                "start": {
                                    "line": 4,
                                    "col": 5
                                },
                                "end": {
                                    "line": 4,
                                    "col": 26
                                }
                            }
                        }
                    ],
                    "jumpToDefinition": {
                        "file": "test.spec",
                        "start": {
                            "line": 8,
                            "col": 9
                        },
                        "end": {
                            "line": 8,
                            "col": 19
                        }
                    }
                }
            ],
            "jumpToDefinition": {
                "file": "test.spec",
                "start": {
                    "line": 8,
                    "col": 5
                },
                "end": {
                    "line": 8,
                    "col": 20
                }
            }
        },
        {
            "message": {
                "text": "assert false",
                "arguments": [
                ]
            },
            "status": "",
            "childrenList": [
                {
                    "message": {
                        "text": "Global State",
                        "arguments": [
                        ]
                    },
                    "status": "",
                    "childrenList": [
                    ],
                    "jumpToDefinition": null,
                    "storageId": null
                }
            ],
            "jumpToDefinition": {
                "file": "test.spec",
                "start": {
                    "line": 9,
                    "col": 5
                },
                "end": {
                    "line": 9,
                    "col": 59
                }
            }
        }
    ],
    "jumpToDefinition": null
}