{
    "message": {
        "text": "CvlFunctionTest()",
        "arguments": [
        ]
    },
    "status": "",
    "childrenList": [
        {
            "message": {
                "text": "Global State",
                "arguments": [
                ]
            },
            "status": "",
            "childrenList": [
            ],
            "jumpToDefinition": null,
            "storageId": null
        },
        {
            "message": {
                "text": "Setup",
                "arguments": [
                ]
            },
            "status": "",
            "childrenList": [
                {
                    "message": {
                        "text": "multi contract setup",
                        "arguments": [
                        ]
                    },
                    "status": "",
                    "childrenList": [
                    ],
                    "jumpToDefinition": null
                },
                {
                    "message": {
                        "text": "rule parameters setup",
                        "arguments": [
                        ]
                    },
                    "status": "",
                    "childrenList": [
                    ],
                    "jumpToDefinition": null
                },
                {
                    "message": {
                        "text": "contract address vars initialized",
                        "arguments": [
                        ]
                    },
                    "status": "",
                    "childrenList": [
                    ],
                    "jumpToDefinition": null
                },
                {
                    "message": {
                        "text": "setup read tracking instrumentation",
                        "arguments": [
                        ]
                    },
                    "status": "",
                    "childrenList": [
                    ],
                    "jumpToDefinition": null
                },
                {
                    "message": {
                        "text": "last storage initialize",
                        "arguments": [
                        ]
                    },
                    "status": "",
                    "childrenList": [
                    ],
                    "jumpToDefinition": null
                },
                {
                    "message": {
                        "text": "assuming contracts in scene with non-empty bytecode have EXTCODESIZE larger than zero",
                        "arguments": [
                        ]
                    },
                    "status": "",
                    "childrenList": [
                    ],
                    "jumpToDefinition": null
                },
                {
                    "message": {
                        "text": "assuming address(0).code has no code deployed",
                        "arguments": [
                        ]
                    },
                    "status": "",
                    "childrenList": [
                    ],
                    "jumpToDefinition": null
                },
                {
                    "message": {
                        "text": "assumptions about contracts' addresses",
                        "arguments": [
                        ]
                    },
                    "status": "",
                    "childrenList": [
                    ],
                    "jumpToDefinition": null
                },
                {
                    "message": {
                        "text": "assumptions about static addresses",
                        "arguments": [
                        ]
                    },
                    "status": "",
                    "childrenList": [
                    ],
                    "jumpToDefinition": null
                },
                {
                    "message": {
                        "text": "establish addresses of precompiled contracts",
                        "arguments": [
                        ]
                    },
                    "status": "",
                    "childrenList": [
                    ],
                    "jumpToDefinition": null
                },
                {
                    "message": {
                        "text": "assumptions about uniqueness of contracts' addresses",
                        "arguments": [
                        ]
                    },
                    "status": "",
                    "childrenList": [
                    ],
                    "jumpToDefinition": null
                },
                {
                    "message": {
                        "text": "static links",
                        "arguments": [
                        ]
                    },
                    "status": "",
                    "childrenList": [
                    ],
                    "jumpToDefinition": null
                },
                {
                    "message": {
                        "text": "record starting nonces",
                        "arguments": [
                        ]
                    },
                    "status": "",
                    "childrenList": [
                    ],
                    "jumpToDefinition": null
                },
                {
                    "message": {
                        "text": "cloned contracts have no balances",
                        "arguments": [
                        ]
                    },
                    "status": "",
                    "childrenList": [
                    ],
                    "jumpToDefinition": null
                },
                {
                    "message": {
                        "text": "Linked immutable setup",
                        "arguments": [
                        ]
                    },
                    "status": "",
                    "childrenList": [
                    ],
                    "jumpToDefinition": null
                },
                {
                    "message": {
                        "text": "Constrain immutables",
                        "arguments": [
                        ]
                    },
                    "status": "",
                    "childrenList": [
                    ],
                    "jumpToDefinition": null
                },
                {
                    "message": {
                        "text": "establish equivalence of extension and base contract immutables",
                        "arguments": [
                        ]
                    },
                    "status": "",
                    "childrenList": [
                    ],
                    "jumpToDefinition": null
                }
            ],
            "jumpToDefinition": null
        },
        {
            "message": {
                "text": "require num == 2",
                "arguments": [
                ]
            },
            "status": "",
            "childrenList": [
            ],
            "jumpToDefinition": {
                "file": "Basic.spec",
                "start": {
                    "line": 17,
                    "col": 5
                },
                "end": {
                    "line": 17,
                    "col": 22
                }
            }
        },
        {
            "message": {
                "text": "require num != 10",
                "arguments": [
                ]
            },
            "status": "",
            "childrenList": [
            ],
            "jumpToDefinition": {
                "file": "Basic.spec",
                "start": {
                    "line": 18,
                    "col": 5
                },
                "end": {
                    "line": 18,
                    "col": 23
                }
            }
        },
        {
            "message": {
                "text": "require num != 11",
                "arguments": [
                ]
            },
            "status": "",
            "childrenList": [
            ],
            "jumpToDefinition": {
                "file": "Basic.spec",
                "start": {
                    "line": 19,
                    "col": 5
                },
                "end": {
                    "line": 19,
                    "col": 23
                }
            }
        },
        {
            "message": {
                "text": "assert num != 10",
                "arguments": [
                ]
            },
            "status": "",
            "childrenList": [
            ],
            "jumpToDefinition": {
                "file": "Basic.spec",
                "start": {
                    "line": 20,
                    "col": 5
                },
                "end": {
                    "line": 20,
                    "col": 22
                }
            }
        },
        {
            "message": {
                "text": "r = func1(num)",
                "arguments": [
                ]
            },
            "status": "",
            "childrenList": [
                {
                    "message": {
                        "text": "func1(num='{0}') â†ª '{1}'",
                        "arguments": [
                            {
                                "value": "0x2",
                                "values": [
                                    "0x2",
                                    "2",
                                    "0x2"
                                ],
                                "tooltip": "parameter",
                                "truncatable": true
                            },
                            {
                                "value": "false",
                                "values": [
                                    "false"
                                ],
                                "tooltip": "return value",
                                "truncatable": false
                            }
                        ]
                    },
                    "status": "",
                    "childrenList": [
                        {
                            "message": {
                                "text": "require num != 20",
                                "arguments": [
                                ]
                            },
                            "status": "",
                            "childrenList": [
                            ],
                            "jumpToDefinition": {
                                "file": "Basic.spec",
                                "start": {
                                    "line": 9,
                                    "col": 5
                                },
                                "end": {
                                    "line": 9,
                                    "col": 23
                                }
                            }
                        },
                        {
                            "message": {
                                "text": "require num != 21",
                                "arguments": [
                                ]
                            },
                            "status": "",
                            "childrenList": [
                            ],
                            "jumpToDefinition": {
                                "file": "Basic.spec",
                                "start": {
                                    "line": 10,
                                    "col": 5
                                },
                                "end": {
                                    "line": 10,
                                    "col": 23
                                }
                            }
                        },
                        {
                            "message": {
                                "text": "assert num != 20",
                                "arguments": [
                                ]
                            },
                            "status": "",
                            "childrenList": [
                            ],
                            "jumpToDefinition": {
                                "file": "Basic.spec",
                                "start": {
                                    "line": 11,
                                    "col": 5
                                },
                                "end": {
                                    "line": 11,
                                    "col": 22
                                }
                            }
                        },
                        {
                            "message": {
                                "text": "a = require_uint256(num + 5)",
                                "arguments": [
                                ]
                            },
                            "status": "",
                            "childrenList": [
                            ],
                            "jumpToDefinition": {
                                "file": "Basic.spec",
                                "start": {
                                    "line": 12,
                                    "col": 5
                                },
                                "end": {
                                    "line": 12,
                                    "col": 39
                                }
                            }
                        },
                        {
                            "message": {
                                "text": "func2(num='{0}') â†ª '{1}'",
                                "arguments": [
                                    {
                                        "value": "0x7",
                                        "values": [
                                            "0x7",
                                            "7",
                                            "0x7"
                                        ],
                                        "tooltip": "parameter",
                                        "truncatable": true
                                    },
                                    {
                                        "value": "false",
                                        "values": [
                                            "false"
                                        ],
                                        "tooltip": "return value",
                                        "truncatable": false
                                    }
                                ]
                            },
                            "status": "",
                            "childrenList": [
                                {
                                    "message": {
                                        "text": "require num != 30",
                                        "arguments": [
                                        ]
                                    },
                                    "status": "",
                                    "childrenList": [
                                    ],
                                    "jumpToDefinition": {
                                        "file": "Basic.spec",
                                        "start": {
                                            "line": 2,
                                            "col": 5
                                        },
                                        "end": {
                                            "line": 2,
                                            "col": 23
                                        }
                                    }
                                },
                                {
                                    "message": {
                                        "text": "require num != 31",
                                        "arguments": [
                                        ]
                                    },
                                    "status": "",
                                    "childrenList": [
                                    ],
                                    "jumpToDefinition": {
                                        "file": "Basic.spec",
                                        "start": {
                                            "line": 3,
                                            "col": 5
                                        },
                                        "end": {
                                            "line": 3,
                                            "col": 23
                                        }
                                    }
                                },
                                {
                                    "message": {
                                        "text": "assert num != 30",
                                        "arguments": [
                                        ]
                                    },
                                    "status": "",
                                    "childrenList": [
                                    ],
                                    "jumpToDefinition": {
                                        "file": "Basic.spec",
                                        "start": {
                                            "line": 4,
                                            "col": 5
                                        },
                                        "end": {
                                            "line": 4,
                                            "col": 22
                                        }
                                    }
                                },
                                {
                                    "message": {
                                        "text": "return num > 10",
                                        "arguments": [
                                        ]
                                    },
                                    "status": "",
                                    "childrenList": [
                                        {
                                            "message": {
                                                "text": "num > 10 â†ª '{0}'",
                                                "arguments": [
                                                    {
                                                        "value": "false",
                                                        "values": [
                                                            "false"
                                                        ],
                                                        "tooltip": "value of expression",
                                                        "truncatable": false
                                                    }
                                                ]
                                            },
                                            "status": "",
                                            "childrenList": [
                                                {
                                                    "message": {
                                                        "text": "num â†ª '{0}'",
                                                        "arguments": [
                                                            {
                                                                "value": "0x7",
                                                                "values": [
                                                                    "0x7",
                                                                    "7",
                                                                    "0x7"
                                                                ],
                                                                "tooltip": "value of expression",
                                                                "truncatable": true
                                                            }
                                                        ]
                                                    },
                                                    "status": "",
                                                    "childrenList": [
                                                    ],
                                                    "jumpToDefinition": {
                                                        "file": "Basic.spec",
                                                        "start": {
                                                            "line": 5,
                                                            "col": 12
                                                        },
                                                        "end": {
                                                            "line": 5,
                                                            "col": 15
                                                        }
                                                    }
                                                },
                                                {
                                                    "message": {
                                                        "text": "10",
                                                        "arguments": [
                                                        ]
                                                    },
                                                    "status": "",
                                                    "childrenList": [
                                                    ],
                                                    "jumpToDefinition": {
                                                        "file": "Basic.spec",
                                                        "start": {
                                                            "line": 5,
                                                            "col": 18
                                                        },
                                                        "end": {
                                                            "line": 5,
                                                            "col": 20
                                                        }
                                                    }
                                                }
                                            ],
                                            "jumpToDefinition": {
                                                "file": "Basic.spec",
                                                "start": {
                                                    "line": 5,
                                                    "col": 12
                                                },
                                                "end": {
                                                    "line": 5,
                                                    "col": 20
                                                }
                                            }
                                        }
                                    ],
                                    "jumpToDefinition": {
                                        "file": "Basic.spec",
                                        "start": {
                                            "line": 5,
                                            "col": 5
                                        },
                                        "end": {
                                            "line": 5,
                                            "col": 21
                                        }
                                    }
                                }
                            ],
                            "jumpToDefinition": {
                                "file": "Basic.spec",
                                "start": {
                                    "line": 13,
                                    "col": 12
                                },
                                "end": {
                                    "line": 13,
                                    "col": 20
                                }
                            }
                        },
                        {
                            "message": {
                                "text": "return func2(a)",
                                "arguments": [
                                ]
                            },
                            "status": "",
                            "childrenList": [
                            ],
                            "jumpToDefinition": {
                                "file": "Basic.spec",
                                "start": {
                                    "line": 13,
                                    "col": 5
                                },
                                "end": {
                                    "line": 13,
                                    "col": 21
                                }
                            }
                        }
                    ],
                    "jumpToDefinition": {
                        "file": "Basic.spec",
                        "start": {
                            "line": 21,
                            "col": 14
                        },
                        "end": {
                            "line": 21,
                            "col": 24
                        }
                    }
                }
            ],
            "jumpToDefinition": {
                "file": "Basic.spec",
                "start": {
                    "line": 21,
                    "col": 5
                },
                "end": {
                    "line": 21,
                    "col": 25
                }
            }
        },
        {
            "message": {
                "text": "assert r",
                "arguments": [
                ]
            },
            "status": "",
            "childrenList": [
                {
                    "message": {
                        "text": "Global State",
                        "arguments": [
                        ]
                    },
                    "status": "",
                    "childrenList": [
                    ],
                    "jumpToDefinition": null,
                    "storageId": null
                }
            ],
            "jumpToDefinition": {
                "file": "Basic.spec",
                "start": {
                    "line": 22,
                    "col": 5
                },
                "end": {
                    "line": 22,
                    "col": 14
                }
            }
        }
    ],
    "jumpToDefinition": null
}
