{
    "message": {
        "text": "StructAccessFuncCall()",
        "arguments": [
        ]
    },
    "status": "",
    "childrenList": [
        {
            "message": {
                "text": "Global State",
                "arguments": [
                ]
            },
            "status": "",
            "childrenList": [
                {
                    "message": {
                        "text": "Storage State",
                        "arguments": [
                        ]
                    },
                    "status": "",
                    "childrenList": [
                        {
                            "message": {
                                "text": "Basic",
                                "arguments": [
                                ]
                            },
                            "status": "",
                            "childrenList": [
                                {
                                    "message": {
                                        "text": "ms.num: '{0}'",
                                        "arguments": [
                                            {
                                                "value": "0x0",
                                                "values": [
                                                    "0x0",
                                                    "0",
                                                    "0x0"
                                                ],
                                                "tooltip": "storage value",
                                                "truncatable": true
                                            }
                                        ]
                                    },
                                    "status": "HAVOC",
                                    "childrenList": [
                                    ],
                                    "jumpToDefinition": {
                                        "file": "Basic.sol",
                                        "start": {
                                            "line": 15,
                                            "col": 9
                                        },
                                        "end": {
                                            "line": 15,
                                            "col": 18
                                        }
                                    },
                                    "changedSincePreviousPrint": false,
                                    "changedSinceStart": false
                                }
                            ],
                            "jumpToDefinition": null,
                            "storageId": null
                        }
                    ],
                    "jumpToDefinition": null,
                    "storageId": 1
                }
            ],
            "jumpToDefinition": null,
            "storageId": null
        },
        {
            "message": {
                "text": "rule parameters setup",
                "arguments": [
                ]
            },
            "status": "",
            "childrenList": [
            ],
            "jumpToDefinition": null
        },
        {
            "message": {
                "text": "Setup",
                "arguments": [
                ]
            },
            "status": "",
            "childrenList": [
                {
                    "message": {
                        "text": "multi contract setup",
                        "arguments": [
                        ]
                    },
                    "status": "",
                    "childrenList": [
                    ],
                    "jumpToDefinition": null
                },
                {
                    "message": {
                        "text": "contract address vars initialized",
                        "arguments": [
                        ]
                    },
                    "status": "",
                    "childrenList": [
                    ],
                    "jumpToDefinition": null
                },
                {
                    "message": {
                        "text": "setup read tracking instrumentation",
                        "arguments": [
                        ]
                    },
                    "status": "",
                    "childrenList": [
                    ],
                    "jumpToDefinition": null
                },
                {
                    "message": {
                        "text": "last storage initialize",
                        "arguments": [
                        ]
                    },
                    "status": "",
                    "childrenList": [
                    ],
                    "jumpToDefinition": null
                },
                {
                    "message": {
                        "text": "assuming contracts in scene with non-empty bytecode have EXTCODESIZE larger than zero",
                        "arguments": [
                        ]
                    },
                    "status": "",
                    "childrenList": [
                    ],
                    "jumpToDefinition": null
                },
                {
                    "message": {
                        "text": "assuming address(0).code has no code deployed",
                        "arguments": [
                        ]
                    },
                    "status": "",
                    "childrenList": [
                    ],
                    "jumpToDefinition": null
                },
                {
                    "message": {
                        "text": "assumptions about contracts' addresses",
                        "arguments": [
                        ]
                    },
                    "status": "",
                    "childrenList": [
                    ],
                    "jumpToDefinition": null
                },
                {
                    "message": {
                        "text": "assumptions about static addresses",
                        "arguments": [
                        ]
                    },
                    "status": "",
                    "childrenList": [
                    ],
                    "jumpToDefinition": null
                },
                {
                    "message": {
                        "text": "establish addresses of precompiled contracts",
                        "arguments": [
                        ]
                    },
                    "status": "",
                    "childrenList": [
                    ],
                    "jumpToDefinition": null
                },
                {
                    "message": {
                        "text": "assumptions about uniqueness of contracts' addresses",
                        "arguments": [
                        ]
                    },
                    "status": "",
                    "childrenList": [
                    ],
                    "jumpToDefinition": null
                },
                {
                    "message": {
                        "text": "static links",
                        "arguments": [
                        ]
                    },
                    "status": "",
                    "childrenList": [
                    ],
                    "jumpToDefinition": null
                },
                {
                    "message": {
                        "text": "record starting nonces",
                        "arguments": [
                        ]
                    },
                    "status": "",
                    "childrenList": [
                    ],
                    "jumpToDefinition": null
                },
                {
                    "message": {
                        "text": "cloned contracts have no balances",
                        "arguments": [
                        ]
                    },
                    "status": "",
                    "childrenList": [
                    ],
                    "jumpToDefinition": null
                },
                {
                    "message": {
                        "text": "Linked immutable setup",
                        "arguments": [
                        ]
                    },
                    "status": "",
                    "childrenList": [
                    ],
                    "jumpToDefinition": null
                },
                {
                    "message": {
                        "text": "Constrain immutables",
                        "arguments": [
                        ]
                    },
                    "status": "",
                    "childrenList": [
                    ],
                    "jumpToDefinition": null
                },
                {
                    "message": {
                        "text": "establish equivalence of extension and base contract immutables",
                        "arguments": [
                        ]
                    },
                    "status": "",
                    "childrenList": [
                    ],
                    "jumpToDefinition": null
                }
            ],
            "jumpToDefinition": null
        },
        {
            "message": {
                "text": "bool b",
                "arguments": [
                ]
            },
            "status": "",
            "childrenList": [
            ],
            "jumpToDefinition": {
                "file": "Basic.spec",
                "start": {
                    "line": 7,
                    "col": 5
                },
                "end": {
                    "line": 7,
                    "col": 12
                }
            }
        },
        {
            "message": {
                "text": "myStruct = Basic.getMyStruct(b=b)",
                "arguments": [
                ]
            },
            "status": "",
            "childrenList": [
                {
                    "message": {
                        "text": "Basic.getMyStruct(b='{0}') ↪ {num='{1}'}",
                        "arguments": [
                            {
                                "value": "false",
                                "values": [
                                    "false"
                                ],
                                "tooltip": "value",
                                "truncatable": false
                            },
                            {
                                "value": "0x0",
                                "values": [
                                    "0x0",
                                    "0",
                                    "0x0"
                                ],
                                "tooltip": "value",
                                "truncatable": true
                            }
                        ]
                    },
                    "status": "",
                    "childrenList": [
                        {
                            "message": {
                                "text": "Load from Basic.[raw storage address] '{0}' ↪ '{1}'",
                                "arguments": [
                                    {
                                        "value": "Basic",
                                        "values": [
                                            "Basic",
                                            "Basic",
                                            "0xf"
                                        ],
                                        "tooltip": "address",
                                        "truncatable": false
                                    },
                                    {
                                        "value": "0x1",
                                        "values": [
                                            "0x1",
                                            "1",
                                            "0x1"
                                        ],
                                        "tooltip": "storage value",
                                        "truncatable": true
                                    }
                                ]
                            },
                            "status": "",
                            "childrenList": [
                            ],
                            "jumpToDefinition": null
                        },
                        {
                            "message": {
                                "text": "Evaluate branch condition",
                                "arguments": [
                                ]
                            },
                            "status": "",
                            "childrenList": [
                            ],
                            "jumpToDefinition": {
                                "file": "Basic.sol",
                                "start": {
                                    "line": 3,
                                    "col": 1
                                },
                                "end": {
                                    "line": 17,
                                    "col": 2
                                }
                            }
                        },
                        {
                            "message": {
                                "text": "Evaluate branch condition",
                                "arguments": [
                                ]
                            },
                            "status": "",
                            "childrenList": [
                            ],
                            "jumpToDefinition": {
                                "file": "Basic.sol",
                                "start": {
                                    "line": 11,
                                    "col": 5
                                },
                                "end": {
                                    "line": 16,
                                    "col": 6
                                }
                            }
                        },
                        {
                            "message": {
                                "text": "Evaluate branch condition",
                                "arguments": [
                                ]
                            },
                            "status": "",
                            "childrenList": [
                            ],
                            "jumpToDefinition": {
                                "file": "Basic.sol",
                                "start": {
                                    "line": 12,
                                    "col": 9
                                },
                                "end": {
                                    "line": 14,
                                    "col": 10
                                }
                            }
                        },
                        {
                            "message": {
                                "text": "Load from Basic.ms.num ↪ '{0}'",
                                "arguments": [
                                    {
                                        "value": "0x0",
                                        "values": [
                                            "0x0",
                                            "0",
                                            "0x0"
                                        ],
                                        "tooltip": "storage value",
                                        "truncatable": true
                                    }
                                ]
                            },
                            "status": "",
                            "childrenList": [
                            ],
                            "jumpToDefinition": {
                                "file": "Basic.sol",
                                "start": {
                                    "line": 15,
                                    "col": 9
                                },
                                "end": {
                                    "line": 15,
                                    "col": 18
                                }
                            }
                        },
                        {
                            "message": {
                                "text": "Return",
                                "arguments": [
                                ]
                            },
                            "status": "",
                            "childrenList": [
                            ],
                            "jumpToDefinition": {
                                "file": "Basic.sol",
                                "start": {
                                    "line": 11,
                                    "col": 5
                                },
                                "end": {
                                    "line": 16,
                                    "col": 6
                                }
                            }
                        }
                    ],
                    "jumpToDefinition": {
                        "file": "Basic.sol",
                        "start": {
                            "line": 11,
                            "col": 5
                        },
                        "end": {
                            "line": 16,
                            "col": 6
                        }
                    }
                }
            ],
            "jumpToDefinition": {
                "file": "Basic.spec",
                "start": {
                    "line": 8,
                    "col": 5
                },
                "end": {
                    "line": 8,
                    "col": 46
                }
            }
        },
        {
            "message": {
                "text": "assert myStruct.num > 0",
                "arguments": [
                ]
            },
            "status": "",
            "childrenList": [
                {
                    "message": {
                        "text": "myStruct.num > 0 ↪ '{0}'",
                        "arguments": [
                            {
                                "value": "false",
                                "values": [
                                    "false"
                                ],
                                "tooltip": "value of expression",
                                "truncatable": false
                            }
                        ]
                    },
                    "status": "",
                    "childrenList": [
                        {
                            "message": {
                                "text": "myStruct.num ↪ '{0}'",
                                "arguments": [
                                    {
                                        "value": "0x0",
                                        "values": [
                                            "0x0",
                                            "0",
                                            "0x0"
                                        ],
                                        "tooltip": "value of expression",
                                        "truncatable": true
                                    }
                                ]
                            },
                            "status": "",
                            "childrenList": [
                            ],
                            "jumpToDefinition": {
                                "file": "Basic.spec",
                                "start": {
                                    "line": 9,
                                    "col": 12
                                },
                                "end": {
                                    "line": 9,
                                    "col": 24
                                }
                            }
                        },
                        {
                            "message": {
                                "text": "0",
                                "arguments": [
                                ]
                            },
                            "status": "",
                            "childrenList": [
                            ],
                            "jumpToDefinition": {
                                "file": "Basic.spec",
                                "start": {
                                    "line": 9,
                                    "col": 27
                                },
                                "end": {
                                    "line": 9,
                                    "col": 28
                                }
                            }
                        }
                    ],
                    "jumpToDefinition": {
                        "file": "Basic.spec",
                        "start": {
                            "line": 9,
                            "col": 12
                        },
                        "end": {
                            "line": 9,
                            "col": 28
                        }
                    }
                },
                {
                    "message": {
                        "text": "Global State",
                        "arguments": [
                        ]
                    },
                    "status": "",
                    "childrenList": [
                        {
                            "message": {
                                "text": "Storage State",
                                "arguments": [
                                ]
                            },
                            "status": "",
                            "childrenList": [
                                {
                                    "message": {
                                        "text": "Basic",
                                        "arguments": [
                                        ]
                                    },
                                    "status": "",
                                    "childrenList": [
                                        {
                                            "message": {
                                                "text": "ms.num: '{0}'",
                                                "arguments": [
                                                    {
                                                        "value": "0x0",
                                                        "values": [
                                                            "0x0",
                                                            "0",
                                                            "0x0"
                                                        ],
                                                        "tooltip": "storage value",
                                                        "truncatable": true
                                                    }
                                                ]
                                            },
                                            "status": "HAVOC",
                                            "childrenList": [
                                            ],
                                            "jumpToDefinition": {
                                                "file": "Basic.sol",
                                                "start": {
                                                    "line": 15,
                                                    "col": 9
                                                },
                                                "end": {
                                                    "line": 15,
                                                    "col": 18
                                                }
                                            },
                                            "changedSincePreviousPrint": false,
                                            "changedSinceStart": false
                                        }
                                    ],
                                    "jumpToDefinition": null,
                                    "storageId": null
                                }
                            ],
                            "jumpToDefinition": null,
                            "storageId": 2
                        }
                    ],
                    "jumpToDefinition": null,
                    "storageId": null
                }
            ],
            "jumpToDefinition": {
                "file": "Basic.spec",
                "start": {
                    "line": 9,
                    "col": 5
                },
                "end": {
                    "line": 9,
                    "col": 29
                }
            }
        }
    ],
    "jumpToDefinition": null
}